Component: Arm Compiler for Embedded 6.24 Tool: armlink [5f371500]

==============================================================================

Section Cross References

    selfdelay.o(.text.Delay_ms) refers to selfdelay.o(.text.get_sys_tick) for get_sys_tick
    selfdelay.o(.ARM.exidx.text.Delay_ms) refers to selfdelay.o(.text.Delay_ms) for [Anonymous Symbol]
    selfdelay.o(.text.Delay_s) refers to selfdelay.o(.text.Delay_ms) for Delay_ms
    selfdelay.o(.ARM.exidx.text.Delay_s) refers to selfdelay.o(.text.Delay_s) for [Anonymous Symbol]
    selfdelay.o(.text.get_sys_tick) refers to base.o(.bss.g_sys_tick_ms) for g_sys_tick_ms
    selfdelay.o(.ARM.exidx.text.get_sys_tick) refers to selfdelay.o(.text.get_sys_tick) for [Anonymous Symbol]
    sys.o(.ARM.exidx.text.WFI_SET) refers to sys.o(.text.WFI_SET) for [Anonymous Symbol]
    sys.o(.ARM.exidx.text.INTX_DISABLE) refers to sys.o(.text.INTX_DISABLE) for [Anonymous Symbol]
    sys.o(.ARM.exidx.text.INTX_ENABLE) refers to sys.o(.text.INTX_ENABLE) for [Anonymous Symbol]
    sys.o(.ARM.exidx.text.MSR_MSP) refers to sys.o(.text.MSR_MSP) for [Anonymous Symbol]
    usart.o(.ARM.exidx.text._sys_exit) refers to usart.o(.text._sys_exit) for [Anonymous Symbol]
    usart.o(.ARM.exidx.text._ttywrch) refers to usart.o(.text._ttywrch) for [Anonymous Symbol]
    usart.o(.ARM.exidx.text._sys_open) refers to usart.o(.text._sys_open) for [Anonymous Symbol]
    usart.o(.ARM.exidx.text._sys_close) refers to usart.o(.text._sys_close) for [Anonymous Symbol]
    usart.o(.ARM.exidx.text._sys_write) refers to usart.o(.text._sys_write) for [Anonymous Symbol]
    usart.o(.ARM.exidx.text._sys_read) refers to usart.o(.text._sys_read) for [Anonymous Symbol]
    usart.o(.ARM.exidx.text._sys_istty) refers to usart.o(.text._sys_istty) for [Anonymous Symbol]
    usart.o(.ARM.exidx.text._sys_seek) refers to usart.o(.text._sys_seek) for [Anonymous Symbol]
    usart.o(.ARM.exidx.text._sys_flen) refers to usart.o(.text._sys_flen) for [Anonymous Symbol]
    usart.o(.text.uart_init) refers to stm32f4xx_rcc.o(.text.RCC_AHB1PeriphClockCmd) for RCC_AHB1PeriphClockCmd
    usart.o(.text.uart_init) refers to stm32f4xx_rcc.o(.text.RCC_APB2PeriphClockCmd) for RCC_APB2PeriphClockCmd
    usart.o(.text.uart_init) refers to stm32f4xx_gpio.o(.text.GPIO_PinAFConfig) for GPIO_PinAFConfig
    usart.o(.text.uart_init) refers to stm32f4xx_gpio.o(.text.GPIO_Init) for GPIO_Init
    usart.o(.text.uart_init) refers to stm32f4xx_usart.o(.text.USART_Init) for USART_Init
    usart.o(.text.uart_init) refers to stm32f4xx_usart.o(.text.USART_Cmd) for USART_Cmd
    usart.o(.text.uart_init) refers to stm32f4xx_usart.o(.text.USART_ITConfig) for USART_ITConfig
    usart.o(.text.uart_init) refers to misc.o(.text.NVIC_Init) for NVIC_Init
    usart.o(.ARM.exidx.text.uart_init) refers to usart.o(.text.uart_init) for [Anonymous Symbol]
    usart.o(.text.USART1_IRQHandler) refers to stm32f4xx_usart.o(.text.USART_GetITStatus) for USART_GetITStatus
    usart.o(.text.USART1_IRQHandler) refers to stm32f4xx_usart.o(.text.USART_ReceiveData) for USART_ReceiveData
    usart.o(.text.USART1_IRQHandler) refers to usart.o(.bss.USART_RX_STA) for USART_RX_STA
    usart.o(.text.USART1_IRQHandler) refers to usart.o(.bss.USART_RX_BUF) for USART_RX_BUF
    usart.o(.ARM.exidx.text.USART1_IRQHandler) refers to usart.o(.text.USART1_IRQHandler) for [Anonymous Symbol]
    delay.o(.text.delay_init) refers to misc.o(.text.SysTick_CLKSourceConfig) for SysTick_CLKSourceConfig
    delay.o(.text.delay_init) refers to delay.o(.bss.fac_us) for fac_us
    delay.o(.text.delay_init) refers to delay.o(.bss.fac_ms) for fac_ms
    delay.o(.ARM.exidx.text.delay_init) refers to delay.o(.text.delay_init) for [Anonymous Symbol]
    delay.o(.text.delay_us) refers to delay.o(.bss.fac_us) for fac_us
    delay.o(.ARM.exidx.text.delay_us) refers to delay.o(.text.delay_us) for [Anonymous Symbol]
    delay.o(.text.delay_xms) refers to delay.o(.bss.fac_ms) for fac_ms
    delay.o(.ARM.exidx.text.delay_xms) refers to delay.o(.text.delay_xms) for [Anonymous Symbol]
    delay.o(.text.delay_ms) refers to delay.o(.text.delay_xms) for delay_xms
    delay.o(.ARM.exidx.text.delay_ms) refers to delay.o(.text.delay_ms) for [Anonymous Symbol]
    startup_stm32f40_41xxx.o(RESET) refers to startup_stm32f40_41xxx.o(STACK) for __initial_sp
    startup_stm32f40_41xxx.o(RESET) refers to startup_stm32f40_41xxx.o(.text) for Reset_Handler
    startup_stm32f40_41xxx.o(RESET) refers to stm32f4xx_it.o(.text.NMI_Handler) for NMI_Handler
    startup_stm32f40_41xxx.o(RESET) refers to stm32f4xx_it.o(.text.HardFault_Handler) for HardFault_Handler
    startup_stm32f40_41xxx.o(RESET) refers to stm32f4xx_it.o(.text.MemManage_Handler) for MemManage_Handler
    startup_stm32f40_41xxx.o(RESET) refers to stm32f4xx_it.o(.text.BusFault_Handler) for BusFault_Handler
    startup_stm32f40_41xxx.o(RESET) refers to stm32f4xx_it.o(.text.UsageFault_Handler) for UsageFault_Handler
[...]
    Removing timerwheel.o(.ARM.exidx.text.Timer_Wheel_Submit_Task), (8 bytes).
    Removing timerwheel.o(.ARM.exidx.text.TimerNode_Push), (8 bytes).
    Removing timerwheel.o(.ARM.exidx.text.Make_Id), (8 bytes).
    Removing timerwheel.o(.ARM.exidx.text.Timer_Wheel_Cancel_Task), (8 bytes).
    Removing timerwheel.o(.ARM.exidx.text.Parse_Id), (8 bytes).
    Removing timerwheel.o(.ARM.exidx.text.Timer_Wheel_Loop), (8 bytes).
    Removing timerwheel.o(.ARM.exidx.text.Timer_Node_Del), (8 bytes).
    Removing timerwheel.o(.ARM.exidx.text.Timer_Node_Run), (8 bytes).
    Removing timerwheel.o(.ARM.exidx.text.Timer_Node_Resubmit), (8 bytes).
    Removing timerwheel.o(.ARM.exidx.text.Timer_Wheel_Show), (8 bytes).
    Removing timerwheel.o(.ARM.exidx.text.Timer_Wheel_Destory), (8 bytes).
    Removing timerwheel.o(.ARM.exidx.text.Timer_Wheel_Stop), (8 bytes).
    Removing timerwheel.o(.ARM.exidx.text.TimerNode_Del), (8 bytes).
    Removing timerwheel_config.o(.text), (0 bytes).
    Removing timerwheel_config.o(.ARM.exidx.text.Timer_Wheel_TIM_Init), (8 bytes).
    Removing timerwheel_config.o(.ARM.exidx.text.NVIC_SetPriorityGrouping), (8 bytes).
    Removing timerwheel_config.o(.ARM.exidx.text.TIM6_SetInterval), (8 bytes).
    Removing timerwheel_config.o(.ARM.exidx.text.TimerClock_Update), (8 bytes).
    Removing timerwheel_config.o(.ARM.exidx.text.TIM6_DAC_IRQHandler), (8 bytes).
    Removing timerwheel_config.o(.text.TimeSlice_Add), (90 bytes).
    Removing timerwheel_config.o(.ARM.exidx.text.TimeSlice_Add), (8 bytes).
    Removing timerwheel_config.o(.bss.TimeSlice_Trigger), (1 bytes).

1602 unused section(s) (total 66684 bytes) removed from the image.

==============================================================================

Image Symbol Table

    Local Symbols

    Symbol Name                              Value     Ov Type        Size  Object(Section)

    ../Start/startup_stm32f40_41xxx.s        0x00000000   Number         0  startup_stm32f40_41xxx.o ABSOLUTE
    ../clib/division.s                       0x00000000   Number         0  aeabi_sdiv.o ABSOLUTE
    ../clib/microlib/division.c              0x00000000   Number         0  uidiv.o ABSOLUTE
    ../clib/microlib/division.c              0x00000000   Number         0  uldiv.o ABSOLUTE
    ../clib/microlib/init/entry.s            0x00000000   Number         0  entry.o ABSOLUTE
    ../clib/microlib/init/entry.s            0x00000000   Number         0  entry2.o ABSOLUTE
    ../clib/microlib/init/entry.s            0x00000000   Number         0  entry5.o ABSOLUTE
    ../clib/microlib/init/entry.s            0x00000000   Number         0  entry7a.o ABSOLUTE
    ../clib/microlib/init/entry.s            0x00000000   Number         0  entry7b.o ABSOLUTE
    ../clib/microlib/init/entry.s            0x00000000   Number         0  entry8a.o ABSOLUTE
    ../clib/microlib/init/entry.s            0x00000000   Number         0  entry8b.o ABSOLUTE
    ../clib/microlib/init/entry.s            0x00000000   Number         0  entry9a.o ABSOLUTE
    ../clib/microlib/init/entry.s            0x00000000   Number         0  entry9b.o ABSOLUTE
    ../clib/microlib/init/entry.s            0x00000000   Number         0  entry10a.o ABSOLUTE
    ../clib/microlib/init/entry.s            0x00000000   Number         0  entry10b.o ABSOLUTE
    ../clib/microlib/init/entry.s            0x00000000   Number         0  entry11a.o ABSOLUTE
    ../clib/microlib/init/entry.s            0x00000000   Number         0  entry11b.o ABSOLUTE
    ../clib/microlib/longlong.c              0x00000000   Number         0  llshl.o ABSOLUTE
    ../clib/microlib/longlong.c              0x00000000   Number         0  llushr.o ABSOLUTE
    ../clib/microlib/longlong.c              0x00000000   Number         0  llsshr.o ABSOLUTE
    ../clib/microlib/malloc/malloc.c         0x00000000   Number         0  malloc.o ABSOLUTE
    ../clib/microlib/malloc/malloc.c         0x00000000   Number         0  mallocr.o ABSOLUTE
    ../clib/microlib/malloc/malloc.c         0x00000000   Number         0  malloca.o ABSOLUTE
    ../clib/microlib/malloc/malloc.c         0x00000000   Number         0  mallocra.o ABSOLUTE
    ../clib/microlib/malloc/mvars.c          0x00000000   Number         0  mvars.o ABSOLUTE
    ../clib/microlib/printf/printf.c         0x00000000   Number         0  printfa.o ABSOLUTE
    ../clib/microlib/stdio/streams.c         0x00000000   Number         0  stdout.o ABSOLUTE
    ../clib/microlib/string/memcpy.c         0x00000000   Number         0  memcpya.o ABSOLUTE
    ../clib/microlib/string/memcpy.c         0x00000000   Number         0  memcpyb.o ABSOLUTE
    ../clib/microlib/string/memset.c         0x00000000   Number         0  memseta.o ABSOLUTE
    ../clib/microlib/stubs.s                 0x00000000   Number         0  useno.o ABSOLUTE
    ../clib/microlib/stubs.s                 0x00000000   Number         0  iusefp.o ABSOLUTE
    ../fplib/microlib/fpadd.c                0x00000000   Number         0  dadd.o ABSOLUTE
    ../fplib/microlib/fpdiv.c                0x00000000   Number         0  ddiv.o ABSOLUTE
    ../fplib/microlib/fpepilogue.c           0x00000000   Number         0  depilogue.o ABSOLUTE
    ../fplib/microlib/fpfix.c                0x00000000   Number         0  dfixul.o ABSOLUTE
    ../fplib/microlib/fpmul.c                0x00000000   Number         0  dmul.o ABSOLUTE
    Error.c                                  0x00000000   Number         0  error.o ABSOLUTE
    MemoryPool.c                             0x00000000   Number         0  memorypool.o ABSOLUTE
    Memory_config.c                          0x00000000   Number         0  memory_config.o ABSOLUTE
    Test_Usart.c                             0x00000000   Number         0  test_usart.o ABSOLUTE
    TimerNode.c                              0x00000000   Number         0  timernode.o ABSOLUTE
    TimerWheel.c                             0x00000000   Number         0  timerwheel.o ABSOLUTE
    TimerWheel_config.c                      0x00000000   Number         0  timerwheel_config.o ABSOLUTE
    base.c                                   0x00000000   Number         0  base.o ABSOLUTE
    cdrcmple.s                               0x00000000   Number         0  cdrcmple.o ABSOLUTE
    dc.s                                     0x00000000   Number         0  dc.o ABSOLUTE
    delay.c                                  0x00000000   Number         0  delay.o ABSOLUTE
    handlers.s                               0x00000000   Number         0  handlers.o ABSOLUTE
    init.s                                   0x00000000   Number         0  init.o ABSOLUTE
    main.c                                   0x00000000   Number         0  main.o ABSOLUTE
    misc.c                                   0x00000000   Number         0  misc.o ABSOLUTE
    selfDelay.c                              0x00000000   Number         0  selfdelay.o ABSOLUTE
    stm32f4xx_adc.c                          0x00000000   Number         0  stm32f4xx_adc.o ABSOLUTE
    stm32f4xx_can.c                          0x00000000   Number         0  stm32f4xx_can.o ABSOLUTE
    stm32f4xx_cec.c                          0x00000000   Number         0  stm32f4xx_cec.o ABSOLUTE
    stm32f4xx_crc.c                          0x00000000   Number         0  stm32f4xx_crc.o ABSOLUTE
    stm32f4xx_cryp.c                         0x00000000   Number         0  stm32f4xx_cryp.o ABSOLUTE
    stm32f4xx_cryp_aes.c                     0x00000000   Number         0  stm32f4xx_cryp_aes.o ABSOLUTE
    stm32f4xx_cryp_des.c                     0x00000000   Number         0  stm32f4xx_cryp_des.o ABSOLUTE
    stm32f4xx_cryp_tdes.c                    0x00000000   Number         0  stm32f4xx_cryp_tdes.o ABSOLUTE
    stm32f4xx_dac.c                          0x00000000   Number         0  stm32f4xx_dac.o ABSOLUTE
    stm32f4xx_dbgmcu.c                       0x00000000   Number         0  stm32f4xx_dbgmcu.o ABSOLUTE
    stm32f4xx_dcmi.c                         0x00000000   Number         0  stm32f4xx_dcmi.o ABSOLUTE
    stm32f4xx_dfsdm.c                        0x00000000   Number         0  stm32f4xx_dfsdm.o ABSOLUTE
    stm32f4xx_dma.c                          0x00000000   Number         0  stm32f4xx_dma.o ABSOLUTE
    stm32f4xx_dma2d.c                        0x00000000   Number         0  stm32f4xx_dma2d.o ABSOLUTE
    stm32f4xx_dsi.c                          0x00000000   Number         0  stm32f4xx_dsi.o ABSOLUTE
    stm32f4xx_exti.c                         0x00000000   Number         0  stm32f4xx_exti.o ABSOLUTE
    stm32f4xx_flash.c                        0x00000000   Number         0  stm32f4xx_flash.o ABSOLUTE
    stm32f4xx_flash_ramfunc.c                0x00000000   Number         0  stm32f4xx_flash_ramfunc.o ABSOLUTE
    stm32f4xx_fmpi2c.c                       0x00000000   Number         0  stm32f4xx_fmpi2c.o ABSOLUTE
    stm32f4xx_fsmc.c                         0x00000000   Number         0  stm32f4xx_fsmc.o ABSOLUTE
    stm32f4xx_gpio.c                         0x00000000   Number         0  stm32f4xx_gpio.o ABSOLUTE
    stm32f4xx_hash.c                         0x00000000   Number         0  stm32f4xx_hash.o ABSOLUTE
    stm32f4xx_hash_md5.c                     0x00000000   Number         0  stm32f4xx_hash_md5.o ABSOLUTE
    stm32f4xx_hash_sha1.c                    0x00000000   Number         0  stm32f4xx_hash_sha1.o ABSOLUTE
    stm32f4xx_i2c.c                          0x00000000   Number         0  stm32f4xx_i2c.o ABSOLUTE
    stm32f4xx_it.c                           0x00000000   Number         0  stm32f4xx_it.o ABSOLUTE
    stm32f4xx_iwdg.c                         0x00000000   Number         0  stm32f4xx_iwdg.o ABSOLUTE
    stm32f4xx_lptim.c                        0x00000000   Number         0  stm32f4xx_lptim.o ABSOLUTE
    stm32f4xx_ltdc.c                         0x00000000   Number         0  stm32f4xx_ltdc.o ABSOLUTE
    stm32f4xx_pwr.c                          0x00000000   Number         0  stm32f4xx_pwr.o ABSOLUTE
    stm32f4xx_qspi.c                         0x00000000   Number         0  stm32f4xx_qspi.o ABSOLUTE
    stm32f4xx_rcc.c                          0x00000000   Number         0  stm32f4xx_rcc.o ABSOLUTE
    stm32f4xx_rng.c                          0x00000000   Number         0  stm32f4xx_rng.o ABSOLUTE
    stm32f4xx_rtc.c                          0x00000000   Number         0  stm32f4xx_rtc.o ABSOLUTE
    stm32f4xx_sai.c                          0x00000000   Number         0  stm32f4xx_sai.o ABSOLUTE
    stm32f4xx_sdio.c                         0x00000000   Number         0  stm32f4xx_sdio.o ABSOLUTE
    stm32f4xx_spdifrx.c                      0x00000000   Number         0  stm32f4xx_spdifrx.o ABSOLUTE
    stm32f4xx_spi.c                          0x00000000   Number         0  stm32f4xx_spi.o ABSOLUTE
    stm32f4xx_syscfg.c                       0x00000000   Number         0  stm32f4xx_syscfg.o ABSOLUTE
    stm32f4xx_tim.c                          0x00000000   Number         0  stm32f4xx_tim.o ABSOLUTE
    stm32f4xx_usart.c                        0x00000000   Number         0  stm32f4xx_usart.o ABSOLUTE
    stm32f4xx_wwdg.c                         0x00000000   Number         0  stm32f4xx_wwdg.o ABSOLUTE
    sys.c                                    0x00000000   Number         0  sys.o ABSOLUTE
    system_stm32f4xx.c                       0x00000000   Number         0  system_stm32f4xx.o ABSOLUTE
    usart.c                                  0x00000000   Number         0  usart.o ABSOLUTE
    user_usart.c                             0x00000000   Number         0  user_usart.o ABSOLUTE
    RESET                                    0x08000000   Section      392  startup_stm32f40_41xxx.o(RESET)
    .ARM.Collect$$$$00000000                 0x08000188   Section        0  entry.o(.ARM.Collect$$$$00000000)
    .ARM.Collect$$$$00000001                 0x08000188   Section        4  entry2.o(.ARM.Collect$$$$00000001)
    .ARM.Collect$$$$00000004                 0x0800018c   Section        4  entry5.o(.ARM.Collect$$$$00000004)
    .ARM.Collect$$$$00000008                 0x08000190   Section        0  entry7b.o(.ARM.Collect$$$$00000008)
    .ARM.Collect$$$$0000000A                 0x08000190   Section        0  entry8b.o(.ARM.Collect$$$$0000000A)
    .ARM.Collect$$$$0000000B                 0x08000190   Section        8  entry9a.o(.ARM.Collect$$$$0000000B)
    __lit__00000000                          0x08000198   Data           4  entry2.o(.ARM.Collect$$$$00002712)
    .ARM.Collect$$$$0000000D                 0x08000198   Section        0  entry10a.o(.ARM.Collect$$$$0000000D)
    .ARM.Collect$$$$0000000F                 0x08000198   Section        0  entry11a.o(.ARM.Collect$$$$0000000F)
    .ARM.Collect$$$$00002712                 0x08000198   Section        4  entry2.o(.ARM.Collect$$$$00002712)
    $v0                                      0x0800019c   Number         0  startup_stm32f40_41xxx.o(.text)
    .text                                    0x0800019c   Section       36  startup_stm32f40_41xxx.o(.text)
    .text                                    0x080001c0   Section        0  memseta.o(.text)
    .text                                    0x080001e4   Section        0  uidiv.o(.text)
    .text                                    0x08000210   Section        0  uldiv.o(.text)
    .text                                    0x08000272   Section        0  iusefp.o(.text)
    .text                                    0x08000272   Section        0  dadd.o(.text)
    .text                                    0x080003c0   Section        0  dmul.o(.text)
    .text                                    0x080004a4   Section        0  ddiv.o(.text)
    .text                                    0x08000582   Section        0  dfixul.o(.text)
    .text                                    0x080005b4   Section       48  cdrcmple.o(.text)
    .text                                    0x080005e4   Section       48  init.o(.text)
    .text                                    0x08000614   Section        0  llshl.o(.text)
    .text                                    0x08000632   Section        0  llushr.o(.text)
    .text                                    0x08000652   Section        0  llsshr.o(.text)
    .text                                    0x08000676   Section        0  depilogue.o(.text)
    Arg_Check                                0x08000731   Thumb Code   166  memorypool.o(.text.Arg_Check)
    [Anonymous Symbol]                       0x08000730   Section        0  memorypool.o(.text.Arg_Check)
    BlockList_pop                            0x080007d9   Thumb Code    56  memorypool.o(.text.BlockList_pop)
    [Anonymous Symbol]                       0x080007d8   Section        0  memorypool.o(.text.BlockList_pop)
    BlockList_push                           0x08000811   Thumb Code    86  memorypool.o(.text.BlockList_push)
    [Anonymous Symbol]                       0x08000810   Section        0  memorypool.o(.text.BlockList_push)
    Block_Check                              0x08000869   Thumb Code   464  memorypool.o(.text.Block_Check)
    [Anonymous Symbol]                       0x08000868   Section        0  memorypool.o(.text.Block_Check)
    [Anonymous Symbol]                       0x08000a38   Section        0  memorypool.o(.text.Block_Init)
    [Anonymous Symbol]                       0x08000aa8   Section        0  stm32f4xx_it.o(.text.BusFault_Handler)
    [Anonymous Symbol]                       0x08000aac   Section        0  timerwheel.o(.text.Create_Timer_Wheel)
    [Anonymous Symbol]                       0x08000c6c   Section        0  stm32f4xx_it.o(.text.DebugMon_Handler)
    [Anonymous Symbol]                       0x08000c70   Section        0  stm32f4xx_gpio.o(.text.GPIO_Init)
    [Anonymous Symbol]                       0x08000d68   Section        0  stm32f4xx_gpio.o(.text.GPIO_PinAFConfig)
    [Anonymous Symbol]                       0x08000ddc   Section        0  base.o(.text.GPIO_clock_init)
    Get_AF_val                               0x08000e0d   Thumb Code   134  user_usart.o(.text.Get_AF_val)
    [Anonymous Symbol]                       0x08000e0c   Section        0  user_usart.o(.text.Get_AF_val)
    Get_Source_Pin                           0x08000e95   Thumb Code    30  user_usart.o(.text.Get_Source_Pin)
    [Anonymous Symbol]                       0x08000e94   Section        0  user_usart.o(.text.Get_Source_Pin)
    Get_irq                                  0x08000eb5   Thumb Code   164  user_usart.o(.text.Get_irq)
    [Anonymous Symbol]                       0x08000eb4   Section        0  user_usart.o(.text.Get_irq)
    [Anonymous Symbol]                       0x08000f58   Section        0  stm32f4xx_it.o(.text.HardFault_Handler)
    Make_Id                                  0x08000f5d   Thumb Code    26  timerwheel.o(.text.Make_Id)
    [Anonymous Symbol]                       0x08000f5c   Section        0  timerwheel.o(.text.Make_Id)
    [Anonymous Symbol]                       0x08000f78   Section        0  stm32f4xx_it.o(.text.MemManage_Handler)
    MemoryPool_AlignUp                       0x08000f7d   Thumb Code    16  memorypool.o(.text.MemoryPool_AlignUp)
    [Anonymous Symbol]                       0x08000f7c   Section        0  memorypool.o(.text.MemoryPool_AlignUp)
    [Anonymous Symbol]                       0x08000f8c   Section        0  memorypool.o(.text.MemoryPool_Alloc)
    [Anonymous Symbol]                       0x08001008   Section        0  memorypool.o(.text.MemoryPool_Check)
    [Anonymous Symbol]                       0x080010ec   Section        0  memorypool.o(.text.MemoryPool_Destory)
    [Anonymous Symbol]                       0x0800115c   Section        0  memorypool.o(.text.MemoryPool_Free)
    [Anonymous Symbol]                       0x080011f4   Section        0  memorypool.o(.text.MemoryPool_GetByIndex)
    [Anonymous Symbol]                       0x08001220   Section        0  memorypool.o(.text.MemoryPool_Index)
    [Anonymous Symbol]                       0x08001288   Section        0  memorypool.o(.text.MemoryPool_MemSet_Zero)
    [Anonymous Symbol]                       0x08001304   Section        0  memorypool.o(.text.MemoryPool_Observer)
    [Anonymous Symbol]                       0x08001488   Section        0  memorypool.o(.text.MemoryPool_init)
    [Anonymous Symbol]                       0x080014f8   Section        0  stm32f4xx_it.o(.text.NMI_Handler)
    [Anonymous Symbol]                       0x080014fc   Section        0  base.o(.text.NVIC_Configuration)
    [Anonymous Symbol]                       0x08001538   Section        0  misc.o(.text.NVIC_Init)
    NVIC_SetPriority                         0x08001605   Thumb Code    68  base.o(.text.NVIC_SetPriority)
    [Anonymous Symbol]                       0x08001604   Section        0  base.o(.text.NVIC_SetPriority)
    NVIC_SetPriorityGrouping                 0x08001649   Thumb Code    60  timerwheel_config.o(.text.NVIC_SetPriorityGrouping)
    [Anonymous Symbol]                       0x08001648   Section        0  timerwheel_config.o(.text.NVIC_SetPriorityGrouping)
    Parse_Id                                 0x08001685   Thumb Code    42  timerwheel.o(.text.Parse_Id)
    [Anonymous Symbol]                       0x08001684   Section        0  timerwheel.o(.text.Parse_Id)
    [Anonymous Symbol]                       0x080016b0   Section        0  stm32f4xx_it.o(.text.PendSV_Handler)
    Print_TimePrefix                         0x080016b5   Thumb Code    22  main.o(.text.Print_TimePrefix)
    [Anonymous Symbol]                       0x080016b4   Section        0  main.o(.text.Print_TimePrefix)
    [Anonymous Symbol]                       0x080016cc   Section        0  stm32f4xx_rcc.o(.text.RCC_AHB1PeriphClockCmd)
    [Anonymous Symbol]                       0x08001704   Section        0  stm32f4xx_rcc.o(.text.RCC_APB1PeriphClockCmd)
    [Anonymous Symbol]                       0x0800173c   Section        0  stm32f4xx_rcc.o(.text.RCC_APB2PeriphClockCmd)
    [Anonymous Symbol]                       0x08001774   Section        0  stm32f4xx_rcc.o(.text.RCC_GetClocksFreq)
    [Anonymous Symbol]                       0x080018d8   Section        0  stm32f4xx_it.o(.text.SVC_Handler)
    SetSysClock                              0x080018dd   Thumb Code   308  system_stm32f4xx.o(.text.SetSysClock)
    [Anonymous Symbol]                       0x080018dc   Section        0  system_stm32f4xx.o(.text.SetSysClock)
    SysTick_Config                           0x08001a11   Thumb Code    82  base.o(.text.SysTick_Config)
    [Anonymous Symbol]                       0x08001a10   Section        0  base.o(.text.SysTick_Config)
    [Anonymous Symbol]                       0x08001a64   Section        0  base.o(.text.SysTick_Handler)
    [Anonymous Symbol]                       0x08001a74   Section        0  base.o(.text.Sys_Tick_Init)
    [Anonymous Symbol]                       0x08001aa8   Section        0  system_stm32f4xx.o(.text.SystemInit)
    [Anonymous Symbol]                       0x08001b1c   Section        0  timerwheel_config.o(.text.TIM6_DAC_IRQHandler)
    [Anonymous Symbol]                       0x08001b50   Section        0  timerwheel_config.o(.text.TIM6_SetInterval)
    [Anonymous Symbol]                       0x08001ba8   Section        0  stm32f4xx_tim.o(.text.TIM_ClearFlag)
    [Anonymous Symbol]                       0x08001bc0   Section        0  stm32f4xx_tim.o(.text.TIM_ClearITPendingBit)
    [Anonymous Symbol]                       0x08001bd8   Section        0  stm32f4xx_tim.o(.text.TIM_Cmd)
    [Anonymous Symbol]                       0x08001c04   Section        0  stm32f4xx_tim.o(.text.TIM_GetITStatus)
    [Anonymous Symbol]                       0x08001c60   Section        0  stm32f4xx_tim.o(.text.TIM_ITConfig)
    [Anonymous Symbol]                       0x08001c94   Section        0  stm32f4xx_tim.o(.text.TIM_TimeBaseInit)
    [Anonymous Symbol]                       0x08001da4   Section        0  stm32f4xx_tim.o(.text.TIM_TimeBaseStructInit)
    Test_Callback                            0x08001dc9   Thumb Code    66  main.o(.text.Test_Callback)
    [Anonymous Symbol]                       0x08001dc8   Section        0  main.o(.text.Test_Callback)
    Test_ElapsedMs                           0x08001e0d   Thumb Code    20  main.o(.text.Test_ElapsedMs)
    [Anonymous Symbol]                       0x08001e0c   Section        0  main.o(.text.Test_ElapsedMs)
    [Anonymous Symbol]                       0x08001e20   Section        0  test_usart.o(.text.Test_USART_Init)
    [Anonymous Symbol]                       0x08001e74   Section        0  timerwheel_config.o(.text.TimerClock_Update)
    TimerNode_Del                            0x08001fd9   Thumb Code   172  timerwheel.o(.text.TimerNode_Del)
    [Anonymous Symbol]                       0x08001fd8   Section        0  timerwheel.o(.text.TimerNode_Del)
    TimerNode_Push                           0x08002085   Thumb Code   116  timerwheel.o(.text.TimerNode_Push)
    [Anonymous Symbol]                       0x08002084   Section        0  timerwheel.o(.text.TimerNode_Push)
    [Anonymous Symbol]                       0x080020f8   Section        0  timerwheel.o(.text.TimerWheel_Alloc_Node)
    [Anonymous Symbol]                       0x08002188   Section        0  main.o(.text.TimerWheel_Test_Loop)
    [Anonymous Symbol]                       0x08002230   Section        0  main.o(.text.TimerWheel_Test_Start)
    [Anonymous Symbol]                       0x0800250c   Section        0  timerwheel.o(.text.Timer_Node_Del)
    [Anonymous Symbol]                       0x080025b4   Section        0  timerwheel.o(.text.Timer_Node_Resubmit)
    [Anonymous Symbol]                       0x0800267c   Section        0  timerwheel.o(.text.Timer_Node_Run)
    [Anonymous Symbol]                       0x08002704   Section        0  timerwheel.o(.text.Timer_Wheel_Cancel_Task)
    [Anonymous Symbol]                       0x0800281c   Section        0  timerwheel.o(.text.Timer_Wheel_Destory)
    [Anonymous Symbol]                       0x080028d0   Section        0  timerwheel.o(.text.Timer_Wheel_Loop)
    [Anonymous Symbol]                       0x08002a38   Section        0  timerwheel.o(.text.Timer_Wheel_Show)
    [Anonymous Symbol]                       0x08002aa0   Section        0  timerwheel.o(.text.Timer_Wheel_Stop)
    [Anonymous Symbol]                       0x08002ab0   Section        0  timerwheel.o(.text.Timer_Wheel_Submit_Task)
    [Anonymous Symbol]                       0x08002ca8   Section        0  timerwheel_config.o(.text.Timer_Wheel_TIM_Init)
    [Anonymous Symbol]                       0x08002d10   Section        0  user_usart.o(.text.UART4_IRQHandler)
    [Anonymous Symbol]                       0x08002dac   Section        0  user_usart.o(.text.UART5_IRQHandler)
    [Anonymous Symbol]                       0x08002e48   Section        0  usart.o(.text.USART1_IRQHandler)
    [Anonymous Symbol]                       0x08002f24   Section        0  user_usart.o(.text.USART2_IRQHandler)
    [Anonymous Symbol]                       0x08002fc0   Section        0  user_usart.o(.text.USART3_IRQHandler)
    [Anonymous Symbol]                       0x0800305c   Section        0  user_usart.o(.text.USART6_IRQHandler)
    [Anonymous Symbol]                       0x080030f8   Section        0  stm32f4xx_usart.o(.text.USART_ClearITPendingBit)
    [Anonymous Symbol]                       0x0800313c   Section        0  stm32f4xx_usart.o(.text.USART_Cmd)
    [Anonymous Symbol]                       0x08003168   Section        0  stm32f4xx_usart.o(.text.USART_GetFlagStatus)
    [Anonymous Symbol]                       0x080031ac   Section        0  stm32f4xx_usart.o(.text.USART_GetITStatus)
    [Anonymous Symbol]                       0x0800325c   Section        0  stm32f4xx_usart.o(.text.USART_ITConfig)
    [Anonymous Symbol]                       0x080032f0   Section        0  stm32f4xx_usart.o(.text.USART_Init)
    [Anonymous Symbol]                       0x08003454   Section        0  stm32f4xx_usart.o(.text.USART_ReceiveData)
    [Anonymous Symbol]                       0x08003464   Section        0  stm32f4xx_usart.o(.text.USART_SendData)
    [Anonymous Symbol]                       0x0800347c   Section        0  stm32f4xx_it.o(.text.UsageFault_Handler)
    [Anonymous Symbol]                       0x08003480   Section        0  memorypool.o(.text.create_MemoryPool)
    [Anonymous Symbol]                       0x08003538   Section        0  test_usart.o(.text.fputc)
    get_sys_tick                             0x08003571   Thumb Code    12  main.o(.text.get_sys_tick)
    [Anonymous Symbol]                       0x08003570   Section        0  main.o(.text.get_sys_tick)
    [Anonymous Symbol]                       0x0800357c   Section        0  main.o(.text.main)
    my_handler_error                         0x080035a9   Thumb Code    24  memorypool.o(.text.my_handler_error)
    [Anonymous Symbol]                       0x080035a8   Section        0  memorypool.o(.text.my_handler_error)
    my_handler_error                         0x080035c1   Thumb Code    24  timerwheel.o(.text.my_handler_error)
    [Anonymous Symbol]                       0x080035c0   Section        0  timerwheel.o(.text.my_handler_error)
    [Anonymous Symbol]                       0x080035d8   Section        0  memorypool.o(.text.observer_init)
    usart_clock_init                         0x08003601   Thumb Code   124  user_usart.o(.text.usart_clock_init)
    [Anonymous Symbol]                       0x08003600   Section        0  user_usart.o(.text.usart_clock_init)
    [Anonymous Symbol]                       0x0800367c   Section        0  user_usart.o(.text.usart_create)
    [Anonymous Symbol]                       0x080036e0   Section        0  user_usart.o(.text.user_usart_init)
    i.__0printf                              0x080037dc   Section        0  printfa.o(i.__0printf)
    i.__0snprintf                            0x080037fc   Section        0  printfa.o(i.__0snprintf)
    i.__0sprintf                             0x08003830   Section        0  printfa.o(i.__0sprintf)
    i.__scatterload_copy                     0x08003858   Section       14  handlers.o(i.__scatterload_copy)
    i.__scatterload_null                     0x08003866   Section        2  handlers.o(i.__scatterload_null)
    i.__scatterload_zeroinit                 0x08003868   Section       14  handlers.o(i.__scatterload_zeroinit)
    _fp_digits                               0x08003879   Thumb Code   366  printfa.o(i._fp_digits)
    i._fp_digits                             0x08003878   Section        0  printfa.o(i._fp_digits)
    _printf_core                             0x080039fd   Thumb Code  1744  printfa.o(i._printf_core)
    i._printf_core                           0x080039fc   Section        0  printfa.o(i._printf_core)
    _printf_post_padding                     0x080040d9   Thumb Code    36  printfa.o(i._printf_post_padding)
    i._printf_post_padding                   0x080040d8   Section        0  printfa.o(i._printf_post_padding)
    _printf_pre_padding                      0x080040fd   Thumb Code    46  printfa.o(i._printf_pre_padding)
    i._printf_pre_padding                    0x080040fc   Section        0  printfa.o(i._printf_pre_padding)
    _snputc                                  0x0800412b   Thumb Code    22  printfa.o(i._snputc)
    i._snputc                                0x0800412a   Section        0  printfa.o(i._snputc)
    _sputc                                   0x08004141   Thumb Code    10  printfa.o(i._sputc)
    i._sputc                                 0x08004140   Section        0  printfa.o(i._sputc)
    i.free                                   0x0800414c   Section        0  malloc.o(i.free)
    i.malloc                                 0x0800419c   Section        0  malloc.o(i.malloc)
    APBAHBPrescTable                         0x08004208   Data          16  stm32f4xx_rcc.o(.rodata.APBAHBPrescTable)
    [Anonymous Symbol]                       0x08004208   Section        0  stm32f4xx_rcc.o(.rodata.APBAHBPrescTable)
    .L.str.24                                0x08004218   Data          47  main.o(.rodata.str1.1)
    [Anonymous Symbol]                       0x08004218   Section        0  main.o(.rodata.str1.1)
    .L.str.7                                 0x08004247   Data          46  main.o(.rodata.str1.1)
    .L.str                                   0x08004275   Data          27  main.o(.rodata.str1.1)
    .L.str.9                                 0x08004290   Data          31  main.o(.rodata.str1.1)
    .L.str.19                                0x080042af   Data          28  main.o(.rodata.str1.1)
    .L.str.17                                0x080042cb   Data          28  main.o(.rodata.str1.1)
    .L.str.11                                0x080042e7   Data          31  main.o(.rodata.str1.1)
    .L.str.21                                0x08004306   Data          31  main.o(.rodata.str1.1)
    .L.str.15                                0x08004325   Data          35  main.o(.rodata.str1.1)
    .L.str.13                                0x08004348   Data          30  main.o(.rodata.str1.1)
    .L.str.20                                0x08004366   Data          39  main.o(.rodata.str1.1)
    .L.str.23                                0x0800438d   Data          22  main.o(.rodata.str1.1)
    .L.str.26                                0x080043a3   Data          19  main.o(.rodata.str1.1)
    .L.str.25                                0x080043b6   Data           9  main.o(.rodata.str1.1)
    .L.str.8                                 0x080043bf   Data          54  main.o(.rodata.str1.1)
    .L.str.10                                0x080043f5   Data          30  main.o(.rodata.str1.1)
    .L.str.18                                0x08004413   Data          27  main.o(.rodata.str1.1)
    .L.str.12                                0x0800442e   Data          30  main.o(.rodata.str1.1)
    .L.str.22                                0x0800444c   Data          30  main.o(.rodata.str1.1)
    .L.str.16                                0x0800446a   Data          34  main.o(.rodata.str1.1)
    .L.str.14                                0x0800448c   Data          29  main.o(.rodata.str1.1)
    .L.str.27                                0x080044a9   Data          10  main.o(.rodata.str1.1)
    .L.str.9                                 0x0800453b   Data          18  memorypool.o(.rodata.str1.1)
    [Anonymous Symbol]                       0x0800453b   Section        0  memorypool.o(.rodata.str1.1)
    .L.str.4                                 0x0800454d   Data          21  memorypool.o(.rodata.str1.1)
    .L.str.8                                 0x08004562   Data          18  memorypool.o(.rodata.str1.1)
    .L.str.6                                 0x08004574   Data          18  memorypool.o(.rodata.str1.1)
    .L.str.3                                 0x08004586   Data          17  memorypool.o(.rodata.str1.1)
    .L.str.5                                 0x08004597   Data          18  memorypool.o(.rodata.str1.1)
    .L.str.7                                 0x080045a9   Data          18  memorypool.o(.rodata.str1.1)
    .L.str.2                                 0x080045bb   Data          19  memorypool.o(.rodata.str1.1)
    .L.str.12                                0x080045ce   Data          16  memorypool.o(.rodata.str1.1)
    .L.str                                   0x080045de   Data          27  memorypool.o(.rodata.str1.1)
    .L.str.1                                 0x080045f9   Data          44  memorypool.o(.rodata.str1.1)
    .L__func__.MemoryPool_Free               0x08004625   Data          16  memorypool.o(.rodata.str1.1)
    .L.str.11                                0x08004635   Data          27  memorypool.o(.rodata.str1.1)
    .L__func__.BlockList_push                0x08004650   Data          15  memorypool.o(.rodata.str1.1)
    .L__func__.Arg_Check                     0x0800465f   Data          10  memorypool.o(.rodata.str1.1)
    .L__func__.Block_Check                   0x08004669   Data          12  memorypool.o(.rodata.str1.1)
    .L__func__.MemoryPool_Check              0x08004675   Data          17  memorypool.o(.rodata.str1.1)
    .L__func__.create_MemoryPool             0x08004686   Data          18  memorypool.o(.rodata.str1.1)
    .L__func__.MemoryPool_MemSet_Zero        0x08004698   Data          23  memorypool.o(.rodata.str1.1)
    .L__func__.MemoryPool_Observer           0x080046af   Data          20  memorypool.o(.rodata.str1.1)
    .L__func__.MemoryPool_Destory            0x080046c3   Data          19  memorypool.o(.rodata.str1.1)
    .L.str.15                                0x080046d6   Data          42  memorypool.o(.rodata.str1.1)
    .L.str.14                                0x08004700   Data          37  memorypool.o(.rodata.str1.1)
    .L.str.13                                0x08004725   Data          25  memorypool.o(.rodata.str1.1)
    .L.str.18                                0x0800473e   Data          25  memorypool.o(.rodata.str1.1)
    .L.str.17                                0x08004757   Data          28  memorypool.o(.rodata.str1.1)
    .L.str.10                                0x08004773   Data          34  memorypool.o(.rodata.str1.1)
    .L.str.16                                0x08004795   Data          28  memorypool.o(.rodata.str1.1)
    .L.str.12                                0x080047b1   Data          48  timerwheel.o(.rodata.str1.1)
    [Anonymous Symbol]                       0x080047b1   Section        0  timerwheel.o(.rodata.str1.1)
    .L.str.10                                0x080047e1   Data          48  timerwheel.o(.rodata.str1.1)
    .L.str.11                                0x08004811   Data          48  timerwheel.o(.rodata.str1.1)
    .L.str.9                                 0x08004841   Data          49  timerwheel.o(.rodata.str1.1)
    .L.str.8                                 0x08004872   Data          21  timerwheel.o(.rodata.str1.1)
    .L.str.7                                 0x08004887   Data          46  timerwheel.o(.rodata.str1.1)
    .L.str.1                                 0x080048b5   Data          20  timerwheel.o(.rodata.str1.1)
    .L.str.2                                 0x080048c9   Data          17  timerwheel.o(.rodata.str1.1)
    .L.str                                   0x080048da   Data          28  timerwheel.o(.rodata.str1.1)
    .L__func__.TimerWheel_Alloc_Node         0x080048f6   Data          22  timerwheel.o(.rodata.str1.1)
    .L.str.13                                0x0800490c   Data          27  timerwheel.o(.rodata.str1.1)
    .L__func__.TimerNode_Push                0x08004927   Data          15  timerwheel.o(.rodata.str1.1)
    .L__func__.Timer_Wheel_Cancel_Task       0x08004936   Data          24  timerwheel.o(.rodata.str1.1)
    .L__func__.Timer_Wheel_Submit_Task       0x0800494e   Data          24  timerwheel.o(.rodata.str1.1)
    .L__func__.Timer_Node_Del                0x08004966   Data          15  timerwheel.o(.rodata.str1.1)
    .L__func__.TimerNode_Del                 0x08004975   Data          14  timerwheel.o(.rodata.str1.1)
    .L__func__.Create_Timer_Wheel            0x08004983   Data          19  timerwheel.o(.rodata.str1.1)
    .L__func__.Timer_Node_Run                0x08004996   Data          15  timerwheel.o(.rodata.str1.1)
    .L__func__.Timer_Wheel_Loop              0x080049a5   Data          17  timerwheel.o(.rodata.str1.1)
    .L__func__.Timer_Node_Resubmit           0x080049b6   Data          20  timerwheel.o(.rodata.str1.1)
    .L.str.5                                 0x080049ca   Data          19  timerwheel.o(.rodata.str1.1)
    .L.str.6                                 0x080049dd   Data          18  timerwheel.o(.rodata.str1.1)
    .L.str.3                                 0x080049ef   Data          19  timerwheel.o(.rodata.str1.1)
    .L.str.4                                 0x08004a02   Data          25  timerwheel.o(.rodata.str1.1)
    .L.str.14                                0x08004a1b   Data          19  timerwheel.o(.rodata.str1.1)
    .data                                    0x20000000   Section        4  stdout.o(.data)
    .data                                    0x20000004   Section        4  mvars.o(.data)
    .data                                    0x20000008   Section        4  mvars.o(.data)
    GPIO_Clocks                              0x2000000c   Data          44  base.o(.data.GPIO_Clocks)
    [Anonymous Symbol]                       0x2000000c   Section        0  base.o(.data.GPIO_Clocks)
    TimerWheel_Test_Start.task_cancel        0x2000003c   Data           4  main.o(.data.TimerWheel_Test_Start.task_cancel)
    [Anonymous Symbol]                       0x2000003c   Section        0  main.o(.data.TimerWheel_Test_Start.task_cancel)
    TimerWheel_Test_Start.task_cross_round_5000 0x20000040   Data           4  main.o(.data.TimerWheel_Test_Start.task_cross_round_5000)
    [Anonymous Symbol]                       0x20000040   Section        0  main.o(.data.TimerWheel_Test_Start.task_cross_round_5000)
    TimerWheel_Test_Start.task_forever       0x20000044   Data           4  main.o(.data.TimerWheel_Test_Start.task_forever)
    [Anonymous Symbol]                       0x20000044   Section        0  main.o(.data.TimerWheel_Test_Start.task_forever)
    TimerWheel_Test_Start.task_immediate     0x20000048   Data           4  main.o(.data.TimerWheel_Test_Start.task_immediate)
    [Anonymous Symbol]                       0x20000048   Section        0  main.o(.data.TimerWheel_Test_Start.task_immediate)
    TimerWheel_Test_Start.task_oneshot_1000  0x2000004c   Data           4  main.o(.data.TimerWheel_Test_Start.task_oneshot_1000)
    [Anonymous Symbol]                       0x2000004c   Section        0  main.o(.data.TimerWheel_Test_Start.task_oneshot_1000)
    TimerWheel_Test_Start.task_repeat_1500   0x20000050   Data           4  main.o(.data.TimerWheel_Test_Start.task_repeat_1500)
    [Anonymous Symbol]                       0x20000050   Section        0  main.o(.data.TimerWheel_Test_Start.task_repeat_1500)
    g_forever_id                             0x20000054   Data           4  main.o(.data.g_forever_id)
    [Anonymous Symbol]                       0x20000054   Section        0  main.o(.data.g_forever_id)
    opt                                      0x20000058   Data          20  memorypool.o(.data.opt)
    [Anonymous Symbol]                       0x20000058   Section        0  memorypool.o(.data.opt)
    opt                                      0x2000006c   Data          24  timerwheel.o(.data.opt)
    [Anonymous Symbol]                       0x2000006c   Section        0  timerwheel.o(.data.opt)
    contexts                                 0x20000168   Data          32  user_usart.o(.bss.contexts)
    [Anonymous Symbol]                       0x20000168   Section        0  user_usart.o(.bss.contexts)
    g_forever_cancelled                      0x20000188   Data           1  main.o(.bss.g_forever_cancelled)
    [Anonymous Symbol]                       0x20000188   Section        0  main.o(.bss.g_forever_cancelled)
    g_start_ms                               0x2000018c   Data           4  main.o(.bss.g_start_ms)
    [Anonymous Symbol]                       0x2000018c   Section        0  main.o(.bss.g_start_ms)
    g_timer                                  0x20000194   Data           4  main.o(.bss.g_timer)
    [Anonymous Symbol]                       0x20000194   Section        0  main.o(.bss.g_timer)
    usart_callback                           0x200001a0   Data          32  user_usart.o(.bss.usart_callback)
    [Anonymous Symbol]                       0x200001a0   Section        0  user_usart.o(.bss.usart_callback)
    HEAP                                     0x200001c0   Section    32768  startup_stm32f40_41xxx.o(HEAP)
    STACK                                    0x200081c0   Section     1024  startup_stm32f40_41xxx.o(STACK)

    Global Symbols

    Symbol Name                              Value     Ov Type        Size  Object(Section)

    BuildAttributes$$THM_ISAv4$E$P$D$K$B$S$7EM$VFPi3$EXTD16$VFPS$VFMA$PE$A:L22UL41UL21$X:L11$S22US41US21$IEEE1$IW$~IW$USESV6$~STKCKD$USESV7$~SHL$OSPACE$ROPI$EBA8$MICROLIB$REQ8$PRES8$EABIv2 0x00000000   Number         0  anon$$obj.o ABSOLUTE
    __use_no_errno                           0x00000000   Number         0  useno.o ABSOLUTE
    __use_no_exception_handling              0x00000000   Number         0  useno.o ABSOLUTE
    __use_no_fp                              0x00000000   Number         0  useno.o ABSOLUTE
    __use_no_heap                            0x00000000   Number         0  useno.o ABSOLUTE
    __use_no_heap_region                     0x00000000   Number         0  useno.o ABSOLUTE
    __use_no_semihosting                     0x00000000   Number         0  useno.o ABSOLUTE
    __use_no_semihosting_swi                 0x00000000   Number         0  useno.o ABSOLUTE
    __use_no_signal_handling                 0x00000000   Number         0  useno.o ABSOLUTE
    __cpp_initialize__aeabi_                  - Undefined Weak Reference
    __cxa_finalize                            - Undefined Weak Reference
    __decompress                              - Undefined Weak Reference
    _clock_init                               - Undefined Weak Reference
    _microlib_exit                            - Undefined Weak Reference
    __Vectors_Size                           0x00000188   Number         0  startup_stm32f40_41xxx.o ABSOLUTE
    __Vectors                                0x08000000   Data           4  startup_stm32f40_41xxx.o(RESET)
    __Vectors_End                            0x08000188   Data           0  startup_stm32f40_41xxx.o(RESET)
    __main                                   0x08000189   Thumb Code     0  entry.o(.ARM.Collect$$$$00000000)
    _main_stk                                0x08000189   Thumb Code     0  entry2.o(.ARM.Collect$$$$00000001)
    _main_scatterload                        0x0800018d   Thumb Code     0  entry5.o(.ARM.Collect$$$$00000004)
    __main_after_scatterload                 0x08000191   Thumb Code     0  entry5.o(.ARM.Collect$$$$00000004)
    _main_clock                              0x08000191   Thumb Code     0  entry7b.o(.ARM.Collect$$$$00000008)
    _main_cpp_init                           0x08000191   Thumb Code     0  entry8b.o(.ARM.Collect$$$$0000000A)
    _main_init                               0x08000191   Thumb Code     0  entry9a.o(.ARM.Collect$$$$0000000B)
    __rt_final_cpp                           0x08000199   Thumb Code     0  entry10a.o(.ARM.Collect$$$$0000000D)
    __rt_final_exit                          0x08000199   Thumb Code     0  entry11a.o(.ARM.Collect$$$$0000000F)
    Reset_Handler                            0x0800019d   Thumb Code     8  startup_stm32f40_41xxx.o(.text)
    ADC_IRQHandler                           0x080001b7   Thumb Code     0  startup_stm32f40_41xxx.o(.text)
    CAN1_RX0_IRQHandler                      0x080001b7   Thumb Code     0  startup_stm32f40_41xxx.o(.text)
    CAN1_RX1_IRQHandler                      0x080001b7   Thumb Code     0  startup_stm32f40_41xxx.o(.text)
    CAN1_SCE_IRQHandler                      0x080001b7   Thumb Code     0  startup_stm32f40_41xxx.o(.text)
    CAN1_TX_IRQHandler                       0x080001b7   Thumb Code     0  startup_stm32f40_41xxx.o(.text)
    CAN2_RX0_IRQHandler                      0x080001b7   Thumb Code     0  startup_stm32f40_41xxx.o(.text)
    CAN2_RX1_IRQHandler                      0x080001b7   Thumb Code     0  startup_stm32f40_41xxx.o(.text)
    CAN2_SCE_IRQHandler                      0x080001b7   Thumb Code     0  startup_stm32f40_41xxx.o(.text)
    CAN2_TX_IRQHandler                       0x080001b7   Thumb Code     0  startup_stm32f40_41xxx.o(.text)
    CRYP_IRQHandler                          0x080001b7   Thumb Code     0  startup_stm32f40_41xxx.o(.text)
    DCMI_IRQHandler                          0x080001b7   Thumb Code     0  startup_stm32f40_41xxx.o(.text)
    DMA1_Stream0_IRQHandler                  0x080001b7   Thumb Code     0  startup_stm32f40_41xxx.o(.text)
    DMA1_Stream1_IRQHandler                  0x080001b7   Thumb Code     0  startup_stm32f40_41xxx.o(.text)
    DMA1_Stream2_IRQHandler                  0x080001b7   Thumb Code     0  startup_stm32f40_41xxx.o(.text)
    DMA1_Stream3_IRQHandler                  0x080001b7   Thumb Code     0  startup_stm32f40_41xxx.o(.text)
    DMA1_Stream4_IRQHandler                  0x080001b7   Thumb Code     0  startup_stm32f40_41xxx.o(.text)
    DMA1_Stream5_IRQHandler                  0x080001b7   Thumb Code     0  startup_stm32f40_41xxx.o(.text)
    DMA1_Stream6_IRQHandler                  0x080001b7   Thumb Code     0  startup_stm32f40_41xxx.o(.text)
    DMA1_Stream7_IRQHandler                  0x080001b7   Thumb Code     0  startup_stm32f40_41xxx.o(.text)
    DMA2_Stream0_IRQHandler                  0x080001b7   Thumb Code     0  startup_stm32f40_41xxx.o(.text)
    DMA2_Stream1_IRQHandler                  0x080001b7   Thumb Code     0  startup_stm32f40_41xxx.o(.text)
    DMA2_Stream2_IRQHandler                  0x080001b7   Thumb Code     0  startup_stm32f40_41xxx.o(.text)
    DMA2_Stream3_IRQHandler                  0x080001b7   Thumb Code     0  startup_stm32f40_41xxx.o(.text)
    DMA2_Stream4_IRQHandler                  0x080001b7   Thumb Code     0  startup_stm32f40_41xxx.o(.text)
    DMA2_Stream5_IRQHandler                  0x080001b7   Thumb Code     0  startup_stm32f40_41xxx.o(.text)
    DMA2_Stream6_IRQHandler                  0x080001b7   Thumb Code     0  startup_stm32f40_41xxx.o(.text)
    DMA2_Stream7_IRQHandler                  0x080001b7   Thumb Code     0  startup_stm32f40_41xxx.o(.text)
    ETH_IRQHandler                           0x080001b7   Thumb Code     0  startup_stm32f40_41xxx.o(.text)
    ETH_WKUP_IRQHandler                      0x080001b7   Thumb Code     0  startup_stm32f40_41xxx.o(.text)
    EXTI0_IRQHandler                         0x080001b7   Thumb Code     0  startup_stm32f40_41xxx.o(.text)
    EXTI15_10_IRQHandler                     0x080001b7   Thumb Code     0  startup_stm32f40_41xxx.o(.text)
    EXTI1_IRQHandler                         0x080001b7   Thumb Code     0  startup_stm32f40_41xxx.o(.text)
    EXTI2_IRQHandler                         0x080001b7   Thumb Code     0  startup_stm32f40_41xxx.o(.text)
    EXTI3_IRQHandler                         0x080001b7   Thumb Code     0  startup_stm32f40_41xxx.o(.text)
    EXTI4_IRQHandler                         0x080001b7   Thumb Code     0  startup_stm32f40_41xxx.o(.text)
    EXTI9_5_IRQHandler                       0x080001b7   Thumb Code     0  startup_stm32f40_41xxx.o(.text)
    FLASH_IRQHandler                         0x080001b7   Thumb Code     0  startup_stm32f40_41xxx.o(.text)
    FPU_IRQHandler                           0x080001b7   Thumb Code     0  startup_stm32f40_41xxx.o(.text)
    FSMC_IRQHandler                          0x080001b7   Thumb Code     0  startup_stm32f40_41xxx.o(.text)
    HASH_RNG_IRQHandler                      0x080001b7   Thumb Code     0  startup_stm32f40_41xxx.o(.text)
    I2C1_ER_IRQHandler                       0x080001b7   Thumb Code     0  startup_stm32f40_41xxx.o(.text)
    I2C1_EV_IRQHandler                       0x080001b7   Thumb Code     0  startup_stm32f40_41xxx.o(.text)
    I2C2_ER_IRQHandler                       0x080001b7   Thumb Code     0  startup_stm32f40_41xxx.o(.text)
    I2C2_EV_IRQHandler                       0x080001b7   Thumb Code     0  startup_stm32f40_41xxx.o(.text)
    I2C3_ER_IRQHandler                       0x080001b7   Thumb Code     0  startup_stm32f40_41xxx.o(.text)
    I2C3_EV_IRQHandler                       0x080001b7   Thumb Code     0  startup_stm32f40_41xxx.o(.text)
    OTG_FS_IRQHandler                        0x080001b7   Thumb Code     0  startup_stm32f40_41xxx.o(.text)
    OTG_FS_WKUP_IRQHandler                   0x080001b7   Thumb Code     0  startup_stm32f40_41xxx.o(.text)
    OTG_HS_EP1_IN_IRQHandler                 0x080001b7   Thumb Code     0  startup_stm32f40_41xxx.o(.text)
    OTG_HS_EP1_OUT_IRQHandler                0x080001b7   Thumb Code     0  startup_stm32f40_41xxx.o(.text)
    OTG_HS_IRQHandler                        0x080001b7   Thumb Code     0  startup_stm32f40_41xxx.o(.text)
    OTG_HS_WKUP_IRQHandler                   0x080001b7   Thumb Code     0  startup_stm32f40_41xxx.o(.text)
    PVD_IRQHandler                           0x080001b7   Thumb Code     0  startup_stm32f40_41xxx.o(.text)
    RCC_IRQHandler                           0x080001b7   Thumb Code     0  startup_stm32f40_41xxx.o(.text)
    RTC_Alarm_IRQHandler                     0x080001b7   Thumb Code     0  startup_stm32f40_41xxx.o(.text)
    RTC_WKUP_IRQHandler                      0x080001b7   Thumb Code     0  startup_stm32f40_41xxx.o(.text)
    SDIO_IRQHandler                          0x080001b7   Thumb Code     0  startup_stm32f40_41xxx.o(.text)
    SPI1_IRQHandler                          0x080001b7   Thumb Code     0  startup_stm32f40_41xxx.o(.text)
    SPI2_IRQHandler                          0x080001b7   Thumb Code     0  startup_stm32f40_41xxx.o(.text)
    SPI3_IRQHandler                          0x080001b7   Thumb Code     0  startup_stm32f40_41xxx.o(.text)
    TAMP_STAMP_IRQHandler                    0x080001b7   Thumb Code     0  startup_stm32f40_41xxx.o(.text)
    TIM1_BRK_TIM9_IRQHandler                 0x080001b7   Thumb Code     0  startup_stm32f40_41xxx.o(.text)
    TIM1_CC_IRQHandler                       0x080001b7   Thumb Code     0  startup_stm32f40_41xxx.o(.text)
    TIM1_TRG_COM_TIM11_IRQHandler            0x080001b7   Thumb Code     0  startup_stm32f40_41xxx.o(.text)
    TIM1_UP_TIM10_IRQHandler                 0x080001b7   Thumb Code     0  startup_stm32f40_41xxx.o(.text)
    TIM2_IRQHandler                          0x080001b7   Thumb Code     0  startup_stm32f40_41xxx.o(.text)
    TIM3_IRQHandler                          0x080001b7   Thumb Code     0  startup_stm32f40_41xxx.o(.text)
    TIM4_IRQHandler                          0x080001b7   Thumb Code     0  startup_stm32f40_41xxx.o(.text)
    TIM5_IRQHandler                          0x080001b7   Thumb Code     0  startup_stm32f40_41xxx.o(.text)
    TIM7_IRQHandler                          0x080001b7   Thumb Code     0  startup_stm32f40_41xxx.o(.text)
    TIM8_BRK_TIM12_IRQHandler                0x080001b7   Thumb Code     0  startup_stm32f40_41xxx.o(.text)
    TIM8_CC_IRQHandler                       0x080001b7   Thumb Code     0  startup_stm32f40_41xxx.o(.text)
    TIM8_TRG_COM_TIM14_IRQHandler            0x080001b7   Thumb Code     0  startup_stm32f40_41xxx.o(.text)
    TIM8_UP_TIM13_IRQHandler                 0x080001b7   Thumb Code     0  startup_stm32f40_41xxx.o(.text)
    WWDG_IRQHandler                          0x080001b7   Thumb Code     0  startup_stm32f40_41xxx.o(.text)
    __aeabi_memset                           0x080001c1   Thumb Code    14  memseta.o(.text)
    __aeabi_memset4                          0x080001c1   Thumb Code     0  memseta.o(.text)
    __aeabi_memset8                          0x080001c1   Thumb Code     0  memseta.o(.text)
    __aeabi_memclr                           0x080001cf   Thumb Code     4  memseta.o(.text)
    __aeabi_memclr4                          0x080001cf   Thumb Code     0  memseta.o(.text)
    __aeabi_memclr8                          0x080001cf   Thumb Code     0  memseta.o(.text)
    _memset$wrapper                          0x080001d3   Thumb Code    18  memseta.o(.text)
    __aeabi_uidiv                            0x080001e5   Thumb Code     0  uidiv.o(.text)
    __aeabi_uidivmod                         0x080001e5   Thumb Code    44  uidiv.o(.text)
    __aeabi_uldivmod                         0x08000211   Thumb Code    98  uldiv.o(.text)
    __I$use$fp                               0x08000273   Thumb Code     0  iusefp.o(.text)
    __aeabi_dadd                             0x08000273   Thumb Code   322  dadd.o(.text)
    __aeabi_dsub                             0x080003b5   Thumb Code     6  dadd.o(.text)
    __aeabi_drsub                            0x080003bb   Thumb Code     6  dadd.o(.text)
    __aeabi_dmul                             0x080003c1   Thumb Code   228  dmul.o(.text)
    __aeabi_ddiv                             0x080004a5   Thumb Code   222  ddiv.o(.text)
    __aeabi_d2ulz                            0x08000583   Thumb Code    48  dfixul.o(.text)
    __aeabi_cdrcmple                         0x080005b5   Thumb Code    48  cdrcmple.o(.text)
    __scatterload                            0x080005e5   Thumb Code    38  init.o(.text)
    __scatterload_rt2                        0x080005e5   Thumb Code     0  init.o(.text)
    __aeabi_llsl                             0x08000615   Thumb Code    30  llshl.o(.text)
    _ll_shift_l                              0x08000615   Thumb Code     0  llshl.o(.text)
    __aeabi_llsr                             0x08000633   Thumb Code    32  llushr.o(.text)
    _ll_ushift_r                             0x08000633   Thumb Code     0  llushr.o(.text)
    __aeabi_lasr                             0x08000653   Thumb Code    36  llsshr.o(.text)
    _ll_sshift_r                             0x08000653   Thumb Code     0  llsshr.o(.text)
    _double_round                            0x08000677   Thumb Code    30  depilogue.o(.text)
    _double_epilogue                         0x08000695   Thumb Code   156  depilogue.o(.text)
    Block_Init                               0x08000a39   Thumb Code   112  memorypool.o(.text.Block_Init)
    BusFault_Handler                         0x08000aa9   Thumb Code     4  stm32f4xx_it.o(.text.BusFault_Handler)
    Create_Timer_Wheel                       0x08000aad   Thumb Code   446  timerwheel.o(.text.Create_Timer_Wheel)
    DebugMon_Handler                         0x08000c6d   Thumb Code     2  stm32f4xx_it.o(.text.DebugMon_Handler)
    GPIO_Init                                0x08000c71   Thumb Code   246  stm32f4xx_gpio.o(.text.GPIO_Init)
    GPIO_PinAFConfig                         0x08000d69   Thumb Code   114  stm32f4xx_gpio.o(.text.GPIO_PinAFConfig)
    GPIO_clock_init                          0x08000ddd   Thumb Code    48  base.o(.text.GPIO_clock_init)
    HardFault_Handler                        0x08000f59   Thumb Code     4  stm32f4xx_it.o(.text.HardFault_Handler)
    MemManage_Handler                        0x08000f79   Thumb Code     4  stm32f4xx_it.o(.text.MemManage_Handler)
    MemoryPool_Alloc                         0x08000f8d   Thumb Code   122  memorypool.o(.text.MemoryPool_Alloc)
    MemoryPool_Check                         0x08001009   Thumb Code   228  memorypool.o(.text.MemoryPool_Check)
    MemoryPool_Destory                       0x080010ed   Thumb Code   110  memorypool.o(.text.MemoryPool_Destory)
    MemoryPool_Free                          0x0800115d   Thumb Code   150  memorypool.o(.text.MemoryPool_Free)
    MemoryPool_GetByIndex                    0x080011f5   Thumb Code    44  memorypool.o(.text.MemoryPool_GetByIndex)
    MemoryPool_Index                         0x08001221   Thumb Code   104  memorypool.o(.text.MemoryPool_Index)
    MemoryPool_MemSet_Zero                   0x08001289   Thumb Code   124  memorypool.o(.text.MemoryPool_MemSet_Zero)
    MemoryPool_Observer                      0x08001305   Thumb Code   388  memorypool.o(.text.MemoryPool_Observer)
    MemoryPool_init                          0x08001489   Thumb Code   110  memorypool.o(.text.MemoryPool_init)
    NMI_Handler                              0x080014f9   Thumb Code     2  stm32f4xx_it.o(.text.NMI_Handler)
    NVIC_Configuration                       0x080014fd   Thumb Code    58  base.o(.text.NVIC_Configuration)
    NVIC_Init                                0x08001539   Thumb Code   202  misc.o(.text.NVIC_Init)
    PendSV_Handler                           0x080016b1   Thumb Code     2  stm32f4xx_it.o(.text.PendSV_Handler)
    RCC_AHB1PeriphClockCmd                   0x080016cd   Thumb Code    56  stm32f4xx_rcc.o(.text.RCC_AHB1PeriphClockCmd)
    RCC_APB1PeriphClockCmd                   0x08001705   Thumb Code    56  stm32f4xx_rcc.o(.text.RCC_APB1PeriphClockCmd)
    RCC_APB2PeriphClockCmd                   0x0800173d   Thumb Code    56  stm32f4xx_rcc.o(.text.RCC_APB2PeriphClockCmd)
    RCC_GetClocksFreq                        0x08001775   Thumb Code   354  stm32f4xx_rcc.o(.text.RCC_GetClocksFreq)
    SVC_Handler                              0x080018d9   Thumb Code     2  stm32f4xx_it.o(.text.SVC_Handler)
    SysTick_Handler                          0x08001a65   Thumb Code    16  base.o(.text.SysTick_Handler)
    Sys_Tick_Init                            0x08001a75   Thumb Code    50  base.o(.text.Sys_Tick_Init)
    SystemInit                               0x08001aa9   Thumb Code   116  system_stm32f4xx.o(.text.SystemInit)
    TIM6_DAC_IRQHandler                      0x08001b1d   Thumb Code    52  timerwheel_config.o(.text.TIM6_DAC_IRQHandler)
    TIM6_SetInterval                         0x08001b51   Thumb Code    88  timerwheel_config.o(.text.TIM6_SetInterval)
    TIM_ClearFlag                            0x08001ba9   Thumb Code    22  stm32f4xx_tim.o(.text.TIM_ClearFlag)
    TIM_ClearITPendingBit                    0x08001bc1   Thumb Code    22  stm32f4xx_tim.o(.text.TIM_ClearITPendingBit)
    TIM_Cmd                                  0x08001bd9   Thumb Code    44  stm32f4xx_tim.o(.text.TIM_Cmd)
    TIM_GetITStatus                          0x08001c05   Thumb Code    90  stm32f4xx_tim.o(.text.TIM_GetITStatus)
    TIM_ITConfig                             0x08001c61   Thumb Code    52  stm32f4xx_tim.o(.text.TIM_ITConfig)
    TIM_TimeBaseInit                         0x08001c95   Thumb Code   270  stm32f4xx_tim.o(.text.TIM_TimeBaseInit)
    TIM_TimeBaseStructInit                   0x08001da5   Thumb Code    34  stm32f4xx_tim.o(.text.TIM_TimeBaseStructInit)
    Test_USART_Init                          0x08001e21   Thumb Code    84  test_usart.o(.text.Test_USART_Init)
    TimerClock_Update                        0x08001e75   Thumb Code   356  timerwheel_config.o(.text.TimerClock_Update)
    TimerWheel_Alloc_Node                    0x080020f9   Thumb Code   144  timerwheel.o(.text.TimerWheel_Alloc_Node)
    TimerWheel_Test_Loop                     0x08002189   Thumb Code   166  main.o(.text.TimerWheel_Test_Loop)
    TimerWheel_Test_Start                    0x08002231   Thumb Code   730  main.o(.text.TimerWheel_Test_Start)
    Timer_Node_Del                           0x0800250d   Thumb Code   168  timerwheel.o(.text.Timer_Node_Del)
    Timer_Node_Resubmit                      0x080025b5   Thumb Code   198  timerwheel.o(.text.Timer_Node_Resubmit)
    Timer_Node_Run                           0x0800267d   Thumb Code   136  timerwheel.o(.text.Timer_Node_Run)
    Timer_Wheel_Cancel_Task                  0x08002705   Thumb Code   280  timerwheel.o(.text.Timer_Wheel_Cancel_Task)
    Timer_Wheel_Destory                      0x0800281d   Thumb Code   178  timerwheel.o(.text.Timer_Wheel_Destory)
    Timer_Wheel_Loop                         0x080028d1   Thumb Code   360  timerwheel.o(.text.Timer_Wheel_Loop)
    Timer_Wheel_Show                         0x08002a39   Thumb Code   104  timerwheel.o(.text.Timer_Wheel_Show)
    Timer_Wheel_Stop                         0x08002aa1   Thumb Code    14  timerwheel.o(.text.Timer_Wheel_Stop)
    Timer_Wheel_Submit_Task                  0x08002ab1   Thumb Code   504  timerwheel.o(.text.Timer_Wheel_Submit_Task)
    Timer_Wheel_TIM_Init                     0x08002ca9   Thumb Code   102  timerwheel_config.o(.text.Timer_Wheel_TIM_Init)
    UART4_IRQHandler                         0x08002d11   Thumb Code   154  user_usart.o(.text.UART4_IRQHandler)
    UART5_IRQHandler                         0x08002dad   Thumb Code   154  user_usart.o(.text.UART5_IRQHandler)
    USART1_IRQHandler                        0x08002e49   Thumb Code   218  usart.o(.text.USART1_IRQHandler)
    USART2_IRQHandler                        0x08002f25   Thumb Code   154  user_usart.o(.text.USART2_IRQHandler)
    USART3_IRQHandler                        0x08002fc1   Thumb Code   154  user_usart.o(.text.USART3_IRQHandler)
    USART6_IRQHandler                        0x0800305d   Thumb Code   154  user_usart.o(.text.USART6_IRQHandler)
    USART_ClearITPendingBit                  0x080030f9   Thumb Code    68  stm32f4xx_usart.o(.text.USART_ClearITPendingBit)
    USART_Cmd                                0x0800313d   Thumb Code    44  stm32f4xx_usart.o(.text.USART_Cmd)
    USART_GetFlagStatus                      0x08003169   Thumb Code    68  stm32f4xx_usart.o(.text.USART_GetFlagStatus)
    USART_GetITStatus                        0x080031ad   Thumb Code   176  stm32f4xx_usart.o(.text.USART_GetITStatus)
    USART_ITConfig                           0x0800325d   Thumb Code   146  stm32f4xx_usart.o(.text.USART_ITConfig)
    USART_Init                               0x080032f1   Thumb Code   354  stm32f4xx_usart.o(.text.USART_Init)
    USART_ReceiveData                        0x08003455   Thumb Code    16  stm32f4xx_usart.o(.text.USART_ReceiveData)
    USART_SendData                           0x08003465   Thumb Code    24  stm32f4xx_usart.o(.text.USART_SendData)
    UsageFault_Handler                       0x0800347d   Thumb Code     4  stm32f4xx_it.o(.text.UsageFault_Handler)
    create_MemoryPool                        0x08003481   Thumb Code   182  memorypool.o(.text.create_MemoryPool)
    fputc                                    0x08003539   Thumb Code    56  test_usart.o(.text.fputc)
    main                                     0x0800357d   Thumb Code    42  main.o(.text.main)
    observer_init                            0x080035d9   Thumb Code    40  memorypool.o(.text.observer_init)
    usart_create                             0x0800367d   Thumb Code    98  user_usart.o(.text.usart_create)
    user_usart_init                          0x080036e1   Thumb Code   252  user_usart.o(.text.user_usart_init)
    __0printf                                0x080037dd   Thumb Code    22  printfa.o(i.__0printf)
    __1printf                                0x080037dd   Thumb Code     0  printfa.o(i.__0printf)
    __2printf                                0x080037dd   Thumb Code     0  printfa.o(i.__0printf)
    __c89printf                              0x080037dd   Thumb Code     0  printfa.o(i.__0printf)
    printf                                   0x080037dd   Thumb Code     0  printfa.o(i.__0printf)
    __0snprintf                              0x080037fd   Thumb Code    48  printfa.o(i.__0snprintf)
    __1snprintf                              0x080037fd   Thumb Code     0  printfa.o(i.__0snprintf)
    __2snprintf                              0x080037fd   Thumb Code     0  printfa.o(i.__0snprintf)
    __c89snprintf                            0x080037fd   Thumb Code     0  printfa.o(i.__0snprintf)
    snprintf                                 0x080037fd   Thumb Code     0  printfa.o(i.__0snprintf)
    __0sprintf                               0x08003831   Thumb Code    34  printfa.o(i.__0sprintf)
    __1sprintf                               0x08003831   Thumb Code     0  printfa.o(i.__0sprintf)
    __2sprintf                               0x08003831   Thumb Code     0  printfa.o(i.__0sprintf)
    __c89sprintf                             0x08003831   Thumb Code     0  printfa.o(i.__0sprintf)
    sprintf                                  0x08003831   Thumb Code     0  printfa.o(i.__0sprintf)
    __scatterload_copy                       0x08003859   Thumb Code    14  handlers.o(i.__scatterload_copy)
    __scatterload_null                       0x08003867   Thumb Code     2  handlers.o(i.__scatterload_null)
    __scatterload_zeroinit                   0x08003869   Thumb Code    14  handlers.o(i.__scatterload_zeroinit)
    free                                     0x0800414d   Thumb Code    76  malloc.o(i.free)
    malloc                                   0x0800419d   Thumb Code    92  malloc.o(i.malloc)
    Region$$Table$$Base                      0x08004a30   Number         0  anon$$obj.o(Region$$Table)
    Region$$Table$$Limit                     0x08004a50   Number         0  anon$$obj.o(Region$$Table)
    __stdout                                 0x20000000   Data           4  stdout.o(.data)
    __microlib_freelist                      0x20000004   Data           4  mvars.o(.data)
    __microlib_freelist_initialised          0x20000008   Data           4  mvars.o(.data)
    SystemCoreClock                          0x20000038   Data           4  system_stm32f4xx.o(.data.SystemCoreClock)
    sys_tick_flag                            0x20000084   Data           1  base.o(.data.sys_tick_flag)
    Test_USART_Device                        0x20000088   Data          20  test_usart.o(.bss.Test_USART_Device)
    USART_RX_BUF                             0x2000009c   Data         200  usart.o(.bss.USART_RX_BUF)
    USART_RX_STA                             0x20000164   Data           2  usart.o(.bss.USART_RX_STA)
    g_sys_tick_ms                            0x20000190   Data           4  base.o(.bss.g_sys_tick_ms)
    next_trigger_ms                          0x20000198   Data           4  timerwheel_config.o(.bss.next_trigger_ms)
    tim6_state                               0x2000019c   Data           1  timerwheel_config.o(.bss.tim6_state)
    __heap_base                              0x200001c0   Data           0  startup_stm32f40_41xxx.o(HEAP)
    __heap_limit                             0x200081c0   Data           0  startup_stm32f40_41xxx.o(HEAP)
    __initial_sp                             0x200085c0   Data           0  startup_stm32f40_41xxx.o(STACK)



==============================================================================

Memory Map of the image

  Image Entry point : 0x08000189

  Load Region LR_IROM1 (Base: 0x08000000, Size: 0x00004ad8, Max: 0x00100000, ABSOLUTE)

    Execution Region ER_IROM1 (Exec base: 0x08000000, Load base: 0x08000000, Size: 0x00004a50, Max: 0x00100000, ABSOLUTE)

    Exec Addr    Load Addr    Size         Type   Attr      Idx    E Section Name        Object

    0x08000000   0x08000000   0x00000188   Data   RO           79    RESET               startup_stm32f40_41xxx.o
    0x08000188   0x08000188   0x00000000   Code   RO         2036  * .ARM.Collect$$$$00000000  mc_w.l(entry.o)
    0x08000188   0x08000188   0x00000004   Code   RO         2097    .ARM.Collect$$$$00000001  mc_w.l(entry2.o)
    0x0800018c   0x0800018c   0x00000004   Code   RO         2100    .ARM.Collect$$$$00000004  mc_w.l(entry5.o)
    0x08000190   0x08000190   0x00000000   Code   RO         2102    .ARM.Collect$$$$00000008  mc_w.l(entry7b.o)
    0x08000190   0x08000190   0x00000000   Code   RO         2104    .ARM.Collect$$$$0000000A  mc_w.l(entry8b.o)
    0x08000190   0x08000190   0x00000008   Code   RO         2105    .ARM.Collect$$$$0000000B  mc_w.l(entry9a.o)
    0x08000198   0x08000198   0x00000000   Code   RO         2107    .ARM.Collect$$$$0000000D  mc_w.l(entry10a.o)
    0x08000198   0x08000198   0x00000000   Code   RO         2109    .ARM.Collect$$$$0000000F  mc_w.l(entry11a.o)
    0x08000198   0x08000198   0x00000004   Code   RO         2098    .ARM.Collect$$$$00002712  mc_w.l(entry2.o)
    0x0800019c   0x0800019c   0x00000024   Code   RO           80    .text               startup_stm32f40_41xxx.o
    0x080001c0   0x080001c0   0x00000024   Code   RO         2039    .text               mc_w.l(memseta.o)
    0x080001e4   0x080001e4   0x0000002c   Code   RO         2121    .text               mc_w.l(uidiv.o)
    0x08000210   0x08000210   0x00000062   Code   RO         2123    .text               mc_w.l(uldiv.o)
    0x08000272   0x08000272   0x00000000   Code   RO         2131    .text               mc_w.l(iusefp.o)
    0x08000272   0x08000272   0x0000014e   Code   RO         2132    .text               mf_w.l(dadd.o)
    0x080003c0   0x080003c0   0x000000e4   Code   RO         2134    .text               mf_w.l(dmul.o)
    0x080004a4   0x080004a4   0x000000de   Code   RO         2136    .text               mf_w.l(ddiv.o)
    0x08000582   0x08000582   0x00000030   Code   RO         2138    .text               mf_w.l(dfixul.o)
    0x080005b2   0x080005b2   0x00000002   PAD
    0x080005b4   0x080005b4   0x00000030   Code   RO         2140    .text               mf_w.l(cdrcmple.o)
    0x080005e4   0x080005e4   0x00000030   Code   RO         2142    .text               mc_w.l(init.o)
    0x08000614   0x08000614   0x0000001e   Code   RO         2144    .text               mc_w.l(llshl.o)
    0x08000632   0x08000632   0x00000020   Code   RO         2146    .text               mc_w.l(llushr.o)
    0x08000652   0x08000652   0x00000024   Code   RO         2148    .text               mc_w.l(llsshr.o)
    0x08000676   0x08000676   0x000000ba   Code   RO         2150    .text               mf_w.l(depilogue.o)
    0x08000730   0x08000730   0x000000a6   Code   RO         1922    .text.Arg_Check     memorypool.o
    0x080007d6   0x080007d6   0x00000002   PAD
    0x080007d8   0x080007d8   0x00000038   Code   RO         1928    .text.BlockList_pop  memorypool.o
    0x08000810   0x08000810   0x00000056   Code   RO         1918    .text.BlockList_push  memorypool.o
    0x08000866   0x08000866   0x00000002   PAD
    0x08000868   0x08000868   0x000001d0   Code   RO         1932    .text.Block_Check   memorypool.o
    0x08000a38   0x08000a38   0x00000070   Code   RO         1916    .text.Block_Init    memorypool.o
    0x08000aa8   0x08000aa8   0x00000004   Code   RO          141    .text.BusFault_Handler  stm32f4xx_it.o
    0x08000aac   0x08000aac   0x000001be   Code   RO         1978    .text.Create_Timer_Wheel  timerwheel.o
    0x08000c6a   0x08000c6a   0x00000002   PAD
    0x08000c6c   0x08000c6c   0x00000002   Code   RO          147    .text.DebugMon_Handler  stm32f4xx_it.o
    0x08000c6e   0x08000c6e   0x00000002   PAD
    0x08000c70   0x08000c70   0x000000f6   Code   RO          867    .text.GPIO_Init     stm32f4xx_gpio.o
    0x08000d66   0x08000d66   0x00000002   PAD
    0x08000d68   0x08000d68   0x00000072   Code   RO          891    .text.GPIO_PinAFConfig  stm32f4xx_gpio.o
    0x08000dda   0x08000dda   0x00000002   PAD
    0x08000ddc   0x08000ddc   0x00000030   Code   RO          202    .text.GPIO_clock_init  base.o
    0x08000e0c   0x08000e0c   0x00000086   Code   RO          166    .text.Get_AF_val    user_usart.o
    0x08000e92   0x08000e92   0x00000002   PAD
    0x08000e94   0x08000e94   0x0000001e   Code   RO          164    .text.Get_Source_Pin  user_usart.o
    0x08000eb2   0x08000eb2   0x00000002   PAD
    0x08000eb4   0x08000eb4   0x000000a4   Code   RO          168    .text.Get_irq       user_usart.o
    0x08000f58   0x08000f58   0x00000004   Code   RO          137    .text.HardFault_Handler  stm32f4xx_it.o
    0x08000f5c   0x08000f5c   0x0000001a   Code   RO         1984    .text.Make_Id       timerwheel.o
    0x08000f76   0x08000f76   0x00000002   PAD
    0x08000f78   0x08000f78   0x00000004   Code   RO          139    .text.MemManage_Handler  stm32f4xx_it.o
    0x08000f7c   0x08000f7c   0x00000010   Code   RO         1914    .text.MemoryPool_AlignUp  memorypool.o
    0x08000f8c   0x08000f8c   0x0000007a   Code   RO         1926    .text.MemoryPool_Alloc  memorypool.o
    0x08001006   0x08001006   0x00000002   PAD
    0x08001008   0x08001008   0x000000e4   Code   RO         1934    .text.MemoryPool_Check  memorypool.o
    0x080010ec   0x080010ec   0x0000006e   Code   RO         1938    .text.MemoryPool_Destory  memorypool.o
    0x0800115a   0x0800115a   0x00000002   PAD
    0x0800115c   0x0800115c   0x00000096   Code   RO         1930    .text.MemoryPool_Free  memorypool.o
    0x080011f2   0x080011f2   0x00000002   PAD
    0x080011f4   0x080011f4   0x0000002c   Code   RO         1944    .text.MemoryPool_GetByIndex  memorypool.o
    0x08001220   0x08001220   0x00000068   Code   RO         1942    .text.MemoryPool_Index  memorypool.o
    0x08001288   0x08001288   0x0000007c   Code   RO         1940    .text.MemoryPool_MemSet_Zero  memorypool.o
    0x08001304   0x08001304   0x00000184   Code   RO         1936    .text.MemoryPool_Observer  memorypool.o
    0x08001488   0x08001488   0x0000006e   Code   RO         1912    .text.MemoryPool_init  memorypool.o
    0x080014f6   0x080014f6   0x00000002   PAD
    0x080014f8   0x080014f8   0x00000002   Code   RO          135    .text.NMI_Handler   stm32f4xx_it.o
    0x080014fa   0x080014fa   0x00000002   PAD
    0x080014fc   0x080014fc   0x0000003a   Code   RO          206    .text.NVIC_Configuration  base.o
    0x08001536   0x08001536   0x00000002   PAD
    0x08001538   0x08001538   0x000000ca   Code   RO          254    .text.NVIC_Init     misc.o
    0x08001602   0x08001602   0x00000002   PAD
    0x08001604   0x08001604   0x00000044   Code   RO          220    .text.NVIC_SetPriority  base.o
    0x08001648   0x08001648   0x0000003c   Code   RO         2017    .text.NVIC_SetPriorityGrouping  timerwheel_config.o
    0x08001684   0x08001684   0x0000002a   Code   RO         1988    .text.Parse_Id      timerwheel.o
    0x080016ae   0x080016ae   0x00000002   PAD
    0x080016b0   0x080016b0   0x00000002   Code   RO          149    .text.PendSV_Handler  stm32f4xx_it.o
    0x080016b2   0x080016b2   0x00000002   PAD
    0x080016b4   0x080016b4   0x00000016   Code   RO          110    .text.Print_TimePrefix  main.o
    0x080016ca   0x080016ca   0x00000002   PAD
    0x080016cc   0x080016cc   0x00000038   Code   RO         1236    .text.RCC_AHB1PeriphClockCmd  stm32f4xx_rcc.o
    0x08001704   0x08001704   0x00000038   Code   RO         1242    .text.RCC_APB1PeriphClockCmd  stm32f4xx_rcc.o
    0x0800173c   0x0800173c   0x00000038   Code   RO         1244    .text.RCC_APB2PeriphClockCmd  stm32f4xx_rcc.o
    0x08001774   0x08001774   0x00000162   Code   RO         1214    .text.RCC_GetClocksFreq  stm32f4xx_rcc.o
    0x080018d6   0x080018d6   0x00000002   PAD
    0x080018d8   0x080018d8   0x00000002   Code   RO          145    .text.SVC_Handler   stm32f4xx_it.o
    0x080018da   0x080018da   0x00000002   PAD
    0x080018dc   0x080018dc   0x00000134   Code   RO           89    .text.SetSysClock   system_stm32f4xx.o
    0x08001a10   0x08001a10   0x00000052   Code   RO          210    .text.SysTick_Config  base.o
    0x08001a62   0x08001a62   0x00000002   PAD
    0x08001a64   0x08001a64   0x00000010   Code   RO          212    .text.SysTick_Handler  base.o
    0x08001a74   0x08001a74   0x00000032   Code   RO          208    .text.Sys_Tick_Init  base.o
    0x08001aa6   0x08001aa6   0x00000002   PAD
    0x08001aa8   0x08001aa8   0x00000074   Code   RO           87    .text.SystemInit    system_stm32f4xx.o
    0x08001b1c   0x08001b1c   0x00000034   Code   RO         2023    .text.TIM6_DAC_IRQHandler  timerwheel_config.o
    0x08001b50   0x08001b50   0x00000058   Code   RO         2019    .text.TIM6_SetInterval  timerwheel_config.o
    0x08001ba8   0x08001ba8   0x00000016   Code   RO         1777    .text.TIM_ClearFlag  stm32f4xx_tim.o
    0x08001bbe   0x08001bbe   0x00000002   PAD
    0x08001bc0   0x08001bc0   0x00000016   Code   RO         1781    .text.TIM_ClearITPendingBit  stm32f4xx_tim.o
    0x08001bd6   0x08001bd6   0x00000002   PAD
    0x08001bd8   0x08001bd8   0x0000002c   Code   RO         1659    .text.TIM_Cmd       stm32f4xx_tim.o
    0x08001c04   0x08001c04   0x0000005a   Code   RO         1779    .text.TIM_GetITStatus  stm32f4xx_tim.o
    0x08001c5e   0x08001c5e   0x00000002   PAD
    0x08001c60   0x08001c60   0x00000034   Code   RO         1771    .text.TIM_ITConfig  stm32f4xx_tim.o
    0x08001c94   0x08001c94   0x0000010e   Code   RO         1633    .text.TIM_TimeBaseInit  stm32f4xx_tim.o
    0x08001da2   0x08001da2   0x00000002   PAD
    0x08001da4   0x08001da4   0x00000022   Code   RO         1635    .text.TIM_TimeBaseStructInit  stm32f4xx_tim.o
    0x08001dc6   0x08001dc6   0x00000002   PAD
    0x08001dc8   0x08001dc8   0x00000042   Code   RO          104    .text.Test_Callback  main.o
    0x08001e0a   0x08001e0a   0x00000002   PAD
    0x08001e0c   0x08001e0c   0x00000014   Code   RO          108    .text.Test_ElapsedMs  main.o
    0x08001e20   0x08001e20   0x00000054   Code   RO          242    .text.Test_USART_Init  test_usart.o
    0x08001e74   0x08001e74   0x00000164   Code   RO         2021    .text.TimerClock_Update  timerwheel_config.o
    0x08001fd8   0x08001fd8   0x000000ac   Code   RO         2004    .text.TimerNode_Del  timerwheel.o
    0x08002084   0x08002084   0x00000074   Code   RO         1982    .text.TimerNode_Push  timerwheel.o
    0x080020f8   0x080020f8   0x00000090   Code   RO         1974    .text.TimerWheel_Alloc_Node  timerwheel.o
    0x08002188   0x08002188   0x000000a6   Code   RO          106    .text.TimerWheel_Test_Loop  main.o
    0x0800222e   0x0800222e   0x00000002   PAD
    0x08002230   0x08002230   0x000002da   Code   RO          102    .text.TimerWheel_Test_Start  main.o
    0x0800250a   0x0800250a   0x00000002   PAD
    0x0800250c   0x0800250c   0x000000a8   Code   RO         1992    .text.Timer_Node_Del  timerwheel.o
    0x080025b4   0x080025b4   0x000000c6   Code   RO         1996    .text.Timer_Node_Resubmit  timerwheel.o
    0x0800267a   0x0800267a   0x00000002   PAD
    0x0800267c   0x0800267c   0x00000088   Code   RO         1994    .text.Timer_Node_Run  timerwheel.o
    0x08002704   0x08002704   0x00000118   Code   RO         1986    .text.Timer_Wheel_Cancel_Task  timerwheel.o
    0x0800281c   0x0800281c   0x000000b2   Code   RO         2000    .text.Timer_Wheel_Destory  timerwheel.o
    0x080028ce   0x080028ce   0x00000002   PAD
    0x080028d0   0x080028d0   0x00000168   Code   RO         1990    .text.Timer_Wheel_Loop  timerwheel.o
    0x08002a38   0x08002a38   0x00000068   Code   RO         1998    .text.Timer_Wheel_Show  timerwheel.o
    0x08002aa0   0x08002aa0   0x0000000e   Code   RO         2002    .text.Timer_Wheel_Stop  timerwheel.o
    0x08002aae   0x08002aae   0x00000002   PAD
    0x08002ab0   0x08002ab0   0x000001f8   Code   RO         1980    .text.Timer_Wheel_Submit_Task  timerwheel.o
    0x08002ca8   0x08002ca8   0x00000066   Code   RO         2015    .text.Timer_Wheel_TIM_Init  timerwheel_config.o
    0x08002d0e   0x08002d0e   0x00000002   PAD
    0x08002d10   0x08002d10   0x0000009a   Code   RO          182    .text.UART4_IRQHandler  user_usart.o
    0x08002daa   0x08002daa   0x00000002   PAD
    0x08002dac   0x08002dac   0x0000009a   Code   RO          184    .text.UART5_IRQHandler  user_usart.o
    0x08002e46   0x08002e46   0x00000002   PAD
    0x08002e48   0x08002e48   0x000000da   Code   RO           50    .text.USART1_IRQHandler  usart.o
    0x08002f22   0x08002f22   0x00000002   PAD
    0x08002f24   0x08002f24   0x0000009a   Code   RO          178    .text.USART2_IRQHandler  user_usart.o
    0x08002fbe   0x08002fbe   0x00000002   PAD
    0x08002fc0   0x08002fc0   0x0000009a   Code   RO          180    .text.USART3_IRQHandler  user_usart.o
    0x0800305a   0x0800305a   0x00000002   PAD
    0x0800305c   0x0800305c   0x0000009a   Code   RO          186    .text.USART6_IRQHandler  user_usart.o
    0x080030f6   0x080030f6   0x00000002   PAD
    0x080030f8   0x080030f8   0x00000044   Code   RO         1878    .text.USART_ClearITPendingBit  stm32f4xx_usart.o
    0x0800313c   0x0800313c   0x0000002c   Code   RO         1832    .text.USART_Cmd     stm32f4xx_usart.o
    0x08003168   0x08003168   0x00000044   Code   RO         1872    .text.USART_GetFlagStatus  stm32f4xx_usart.o
    0x080031ac   0x080031ac   0x000000b0   Code   RO         1876    .text.USART_GetITStatus  stm32f4xx_usart.o
    0x0800325c   0x0800325c   0x00000092   Code   RO         1870    .text.USART_ITConfig  stm32f4xx_usart.o
    0x080032ee   0x080032ee   0x00000002   PAD
    0x080032f0   0x080032f0   0x00000162   Code   RO         1824    .text.USART_Init    stm32f4xx_usart.o
    0x08003452   0x08003452   0x00000002   PAD
    0x08003454   0x08003454   0x00000010   Code   RO         1842    .text.USART_ReceiveData  stm32f4xx_usart.o
    0x08003464   0x08003464   0x00000018   Code   RO         1840    .text.USART_SendData  stm32f4xx_usart.o
    0x0800347c   0x0800347c   0x00000004   Code   RO          143    .text.UsageFault_Handler  stm32f4xx_it.o
    0x08003480   0x08003480   0x000000b6   Code   RO         1920    .text.create_MemoryPool  memorypool.o
    0x08003536   0x08003536   0x00000002   PAD
    0x08003538   0x08003538   0x00000038   Code   RO          240    .text.fputc         test_usart.o
    0x08003570   0x08003570   0x0000000c   Code   RO          114    .text.get_sys_tick  main.o
    0x0800357c   0x0800357c   0x0000002a   Code   RO          112    .text.main          main.o
    0x080035a6   0x080035a6   0x00000002   PAD
    0x080035a8   0x080035a8   0x00000018   Code   RO         1924    .text.my_handler_error  memorypool.o
    0x080035c0   0x080035c0   0x00000018   Code   RO         1976    .text.my_handler_error  timerwheel.o
    0x080035d8   0x080035d8   0x00000028   Code   RO         1910    .text.observer_init  memorypool.o
    0x08003600   0x08003600   0x0000007c   Code   RO          162    .text.usart_clock_init  user_usart.o
    0x0800367c   0x0800367c   0x00000062   Code   RO          158    .text.usart_create  user_usart.o
    0x080036de   0x080036de   0x00000002   PAD
    0x080036e0   0x080036e0   0x000000fc   Code   RO          160    .text.user_usart_init  user_usart.o
    0x080037dc   0x080037dc   0x00000020   Code   RO         2042    i.__0printf         mc_w.l(printfa.o)
    0x080037fc   0x080037fc   0x00000034   Code   RO         2043    i.__0snprintf       mc_w.l(printfa.o)
    0x08003830   0x08003830   0x00000028   Code   RO         2044    i.__0sprintf        mc_w.l(printfa.o)
    0x08003858   0x08003858   0x0000000e   Code   RO         2154    i.__scatterload_copy  mc_w.l(handlers.o)
    0x08003866   0x08003866   0x00000002   Code   RO         2155    i.__scatterload_null  mc_w.l(handlers.o)
    0x08003868   0x08003868   0x0000000e   Code   RO         2156    i.__scatterload_zeroinit  mc_w.l(handlers.o)
    0x08003876   0x08003876   0x00000002   PAD
    0x08003878   0x08003878   0x00000184   Code   RO         2049    i._fp_digits        mc_w.l(printfa.o)
    0x080039fc   0x080039fc   0x000006dc   Code   RO         2050    i._printf_core      mc_w.l(printfa.o)
    0x080040d8   0x080040d8   0x00000024   Code   RO         2051    i._printf_post_padding  mc_w.l(printfa.o)
    0x080040fc   0x080040fc   0x0000002e   Code   RO         2052    i._printf_pre_padding  mc_w.l(printfa.o)
    0x0800412a   0x0800412a   0x00000016   Code   RO         2053    i._snputc           mc_w.l(printfa.o)
    0x08004140   0x08004140   0x0000000a   Code   RO         2054    i._sputc            mc_w.l(printfa.o)
    0x0800414a   0x0800414a   0x00000002   PAD
    0x0800414c   0x0800414c   0x00000050   Code   RO         2069    i.free              mc_w.l(malloc.o)
    0x0800419c   0x0800419c   0x0000006c   Code   RO         2070    i.malloc            mc_w.l(malloc.o)
    0x08004208   0x08004208   0x00000010   Data   RO         1276    .rodata.APBAHBPrescTable  stm32f4xx_rcc.o
    0x08004218   0x08004218   0x00000323   Data   RO          119    .rodata.str1.1      main.o
    0x0800453b   0x0800453b   0x00000276   Data   RO         1947    .rodata.str1.1      memorypool.o
    0x080047b1   0x080047b1   0x0000027d   Data   RO         2006    .rodata.str1.1      timerwheel.o
    0x08004a2e   0x08004a2e   0x00000002   PAD
    0x08004a30   0x08004a30   0x00000020   Data   RO         2153    Region$$Table       anon$$obj.o


    Execution Region RW_IRAM1 (Exec base: 0x20000000, Load base: 0x08004a50, Size: 0x000085c0, Max: 0x00020000, ABSOLUTE)

    Exec Addr    Load Addr    Size         Type   Attr      Idx    E Section Name        Object

    0x20000000   0x08004a50   0x00000004   Data   RW         2111    .data               mc_w.l(stdout.o)
    0x20000004   0x08004a54   0x00000004   Data   RW         2129    .data               mc_w.l(mvars.o)
    0x20000008   0x08004a58   0x00000004   Data   RW         2130    .data               mc_w.l(mvars.o)
    0x2000000c   0x08004a5c   0x0000002c   Data   RW          225    .data.GPIO_Clocks   base.o
    0x20000038   0x08004a88   0x00000004   Data   RW           93    .data.SystemCoreClock  system_stm32f4xx.o
    0x2000003c   0x08004a8c   0x00000004   Data   RW          124    .data.TimerWheel_Test_Start.task_cancel  main.o
    0x20000040   0x08004a90   0x00000004   Data   RW          123    .data.TimerWheel_Test_Start.task_cross_round_5000  main.o
    0x20000044   0x08004a94   0x00000004   Data   RW          125    .data.TimerWheel_Test_Start.task_forever  main.o
    0x20000048   0x08004a98   0x00000004   Data   RW          120    .data.TimerWheel_Test_Start.task_immediate  main.o
    0x2000004c   0x08004a9c   0x00000004   Data   RW          121    .data.TimerWheel_Test_Start.task_oneshot_1000  main.o
    0x20000050   0x08004aa0   0x00000004   Data   RW          122    .data.TimerWheel_Test_Start.task_repeat_1500  main.o
    0x20000054   0x08004aa4   0x00000004   Data   RW          117    .data.g_forever_id  main.o
    0x20000058   0x08004aa8   0x00000014   Data   RW         1946    .data.opt           memorypool.o
    0x2000006c   0x08004abc   0x00000018   Data   RW         2007    .data.opt           timerwheel.o
    0x20000084   0x08004ad4   0x00000001   Data   RW          223    .data.sys_tick_flag  base.o
    0x20000085   0x08004ad5   0x00000003   PAD
    0x20000088        -       0x00000014   Zero   RW          244    .bss.Test_USART_Device  test_usart.o
    0x2000009c        -       0x000000c8   Zero   RW           53    .bss.USART_RX_BUF   usart.o
    0x20000164        -       0x00000002   Zero   RW           52    .bss.USART_RX_STA   usart.o
    0x20000166   0x08004ad5   0x00000002   PAD
    0x20000168        -       0x00000020   Zero   RW          193    .bss.contexts       user_usart.o
    0x20000188        -       0x00000001   Zero   RW          116    .bss.g_forever_cancelled  main.o
    0x20000189   0x08004ad5   0x00000003   PAD
    0x2000018c        -       0x00000004   Zero   RW          126    .bss.g_start_ms     main.o
    0x20000190        -       0x00000004   Zero   RW          222    .bss.g_sys_tick_ms  base.o
    0x20000194        -       0x00000004   Zero   RW          118    .bss.g_timer        main.o
    0x20000198        -       0x00000004   Zero   RW         2029    .bss.next_trigger_ms  timerwheel_config.o
    0x2000019c        -       0x00000001   Zero   RW         2028    .bss.tim6_state     timerwheel_config.o
    0x2000019d   0x08004ad5   0x00000003   PAD
    0x200001a0        -       0x00000020   Zero   RW          192    .bss.usart_callback  user_usart.o
    0x200001c0        -       0x00008000   Zero   RW           78    HEAP                startup_stm32f40_41xxx.o
    0x200081c0        -       0x00000400   Zero   RW           77    STACK               startup_stm32f40_41xxx.o


==============================================================================

Image component sizes


      Code (inc. data)   RO Data    RW Data    ZI Data      Debug   Object Name

       322          0          0         45          4       7834   base.o
      1058          0        803         28          9       5017   main.o
      2526          0        630         20          0       7364   memorypool.o
       202          0          0          0          0       2873   misc.o
        36          8        392          0      33792        852   startup_stm32f40_41xxx.o
       360          0          0          0          0       4425   stm32f4xx_gpio.o
        24          0          0          0          0        899   stm32f4xx_it.o
       522          0         16          0          0      10603   stm32f4xx_rcc.o
       534          0          0          0          0      19722   stm32f4xx_tim.o
       896          0          0          0          0       7181   stm32f4xx_usart.o
       424          0          0          4          0       3202   system_stm32f4xx.o
       140          0          0          0         20       1974   test_usart.o
      2912          0        637         24          0       8449   timerwheel.o
       658          0          0          0          5       7986   timerwheel_config.o
       218          0          0          0        202       6012   usart.o
      1572          0          0          0         64       8639   user_usart.o

    ----------------------------------------------------------------------
     12496          8       2512        124      34104     103032   Object Totals
         0          0         32          0          0          0   (incl. Generated)
        92          0          2          3          8          0   (incl. Padding)

    ----------------------------------------------------------------------

      Code (inc. data)   RO Data    RW Data    ZI Data      Debug   Library Member Name

         0          0          0          0          0          0   entry.o
         0          0          0          0          0          0   entry10a.o
         0          0          0          0          0          0   entry11a.o
         8          4          0          0          0          0   entry2.o
         4          0          0          0          0          0   entry5.o
         0          0          0          0          0          0   entry7b.o
         0          0          0          0          0          0   entry8b.o
         8          4          0          0          0          0   entry9a.o
        30          0          0          0          0          0   handlers.o
        48         10          0          0          0         68   init.o
         0          0          0          0          0          0   iusefp.o
        30          0          0          0          0         68   llshl.o
        36          0          0          0          0         68   llsshr.o
        32          0          0          0          0         68   llushr.o
       188         20          0          0          0        160   malloc.o
        36          0          0          0          0        108   memseta.o
         0          0          0          8          0          0   mvars.o
      2382        100          0          0          0        760   printfa.o
         0          0          0          4          0          0   stdout.o
        44          0          0          0          0         80   uidiv.o
        98          0          0          0          0         92   uldiv.o
        48          0          0          0          0         68   cdrcmple.o
       334          0          0          0          0        148   dadd.o
       222          0          0          0          0        100   ddiv.o
       186          0          0          0          0        176   depilogue.o
        48          0          0          0          0         68   dfixul.o
       228          0          0          0          0         96   dmul.o

    ----------------------------------------------------------------------
      4016        138          0         12          0       2128   Library Totals
         6          0          0          0          0          0   (incl. Padding)

    ----------------------------------------------------------------------

      Code (inc. data)   RO Data    RW Data    ZI Data      Debug   Library Name

      2944        138          0         12          0       1472   mc_w.l
      1066          0          0          0          0        656   mf_w.l

    ----------------------------------------------------------------------
      4016        138          0         12          0       2128   Library Totals

    ----------------------------------------------------------------------

==============================================================================


      Code (inc. data)   RO Data    RW Data    ZI Data      Debug   

     16512        146       2512        136      34104     103940   Grand Totals
     16512        146       2512        136      34104     103940   ELF Image Totals
     16512        146       2512        136          0          0   ROM Totals

==============================================================================

    Total RO  Size (Code + RO Data)                19024 (  18.58kB)
    Total RW  Size (RW Data + ZI Data)             34240 (  33.44kB)
    Total ROM Size (Code + RO Data + RW Data)      19160 (  18.71kB)

==============================================================================

